I1216 23:00:29.669847 19124 master_component.cc:1340] ProcessBatchesArgs: nwt_target_name=nwt, batch_filename_size=5, batch_size=0, batch_weight_size=5, pwt_source_name=pwt, num_document_passes=1, regularizer=(name:SparsePhi, tau:-2), class=(text:1), reuse_theta=yes, opt_for_avx=yes, predict_class_id=
I1216 23:00:29.694831  9888 processor.cc:724] Processing queue has data, processing started
I1216 23:00:29.694831 12912 processor.cc:724] Processing queue has data, processing started
I1216 23:00:29.696830 15864 processor.cc:724] Processing queue has data, processing started
I1216 23:00:29.696830  5384 processor.cc:724] Processing queue has data, processing started
I1216 23:00:29.696830 10952 processor.cc:724] Processing queue has data, processing started
I1216 23:00:29.697830  9888 processor.cc:802] Processor: start processing batch 83d87f1b-45d8-489b-ad59-ef8e94ac4d53 into model nwt
I1216 23:00:29.697830 12912 processor.cc:802] Processor: start processing batch 3ba13dee-a94b-4453-a2b7-026e8ecb9da5 into model nwt
I1216 23:00:29.699831  5384 processor.cc:802] Processor: start processing batch 445fe471-fc19-429f-ab58-721c4647224c into model nwt
I1216 23:00:29.699831 15864 processor.cc:802] Processor: start processing batch e3cdd9c7-49ed-465e-bb07-1f755bd8be9d into model nwt
I1216 23:00:29.700829 10952 processor.cc:802] Processor: start processing batch 416f75d1-5d32-4424-b92e-a06e70ff8f8b into model nwt
I1216 23:00:29.739807 12912 processor.cc:898] Processor: complete processing batch 3ba13dee-a94b-4453-a2b7-026e8ecb9da5 into model nwt
I1216 23:00:29.740805 12912 cuckoo_watch.h:45] 45ms in ProcessBatch(school_batches\aaaaaa.batch) [including 2ms in LoadMessage; 1ms in InitializeSparseNdw; 13ms in InferThetaAndUpdateNwtSparse; 13ms in CalculateScore(PerplexityScore); 3ms in CalculateScore(SparsityThetaScore); 10ms in CalculateScore(^^^ItemsProcessedScore^^^); ]
I1216 23:00:29.745802  9888 processor.cc:898] Processor: complete processing batch 83d87f1b-45d8-489b-ad59-ef8e94ac4d53 into model nwt
I1216 23:00:29.746801  9888 cuckoo_watch.h:45] 51ms in ProcessBatch(school_batches\aaaaab.batch) [including 2ms in LoadMessage; 1ms in InitializeSparseNdw; 10ms in InferThetaAndUpdateNwtSparse; 21ms in CalculateScore(PerplexityScore); 4ms in CalculateScore(SparsityThetaScore); 10ms in CalculateScore(^^^ItemsProcessedScore^^^); ]
I1216 23:00:29.746801  5384 processor.cc:898] Processor: complete processing batch 445fe471-fc19-429f-ab58-721c4647224c into model nwt
I1216 23:00:29.747802  5384 cuckoo_watch.h:45] 51ms in ProcessBatch(school_batches\aaaaac.batch) [including 2ms in LoadMessage; 1ms in InitializeSparseNdw; 11ms in InferThetaAndUpdateNwtSparse; 20ms in CalculateScore(PerplexityScore); 2ms in CalculateScore(SparsityThetaScore); 11ms in CalculateScore(^^^ItemsProcessedScore^^^); ]
I1216 23:00:29.747802 15864 processor.cc:898] Processor: complete processing batch e3cdd9c7-49ed-465e-bb07-1f755bd8be9d into model nwt
I1216 23:00:29.748800 15864 cuckoo_watch.h:45] 52ms in ProcessBatch(school_batches\aaaaad.batch) [including 2ms in LoadMessage; 1ms in InitializeSparseNdw; 11ms in InferThetaAndUpdateNwtSparse; 21ms in CalculateScore(PerplexityScore); 3ms in CalculateScore(SparsityThetaScore); 11ms in CalculateScore(^^^ItemsProcessedScore^^^); ]
I1216 23:00:29.748800 10952 processor.cc:898] Processor: complete processing batch 416f75d1-5d32-4424-b92e-a06e70ff8f8b into model nwt
I1216 23:00:29.749800 10952 cuckoo_watch.h:45] 53ms in ProcessBatch(school_batches\aaaaae.batch) [including 3ms in LoadMessage; 1ms in InitializeSparseNdw; 13ms in InferThetaAndUpdateNwtSparse; 18ms in CalculateScore(PerplexityScore); 3ms in CalculateScore(SparsityThetaScore); 10ms in CalculateScore(^^^ItemsProcessedScore^^^); ]
I1216 23:00:29.751808 19124 master_component.cc:1378] RegularizeModelArgs: rwt_target_name=rwt, pwt_source_name=pwt, nwt_source_name=nwt
I1216 23:00:29.751808 19124 master_component.cc:922] MasterComponent: start regularizing model pwt
I1216 23:00:29.785790 12912 processor.cc:717] No data in processing queue, waiting...
I1216 23:00:29.794785  5384 processor.cc:717] No data in processing queue, waiting...
I1216 23:00:29.794785  9888 processor.cc:717] No data in processing queue, waiting...
I1216 23:00:29.796783 15864 processor.cc:717] No data in processing queue, waiting...
I1216 23:00:29.796783 10952 processor.cc:717] No data in processing queue, waiting...
I1216 23:00:29.805778 19124 master_component.cc:948] MasterComponent: complete regularizing model pwt
I1216 23:00:29.805778 19124 master_component.cc:1391] NormalizeModelArgs: pwt_target_name=pwt, nwt_source_name=nwt, rwt_source_name=rwt
I1216 23:00:29.805778 19124 master_component.cc:952] MasterComponent: start normalizing model nwt
I1216 23:00:29.836760 19124 master_component.cc:980] MasterComponent: complete normalizing model nwt
I1216 23:00:29.850750 19124 master_component.cc:1415] DisposeModel rwt
I1216 23:00:29.853749 19124 master_component.cc:1005] FitOffline: ItemsProcessed, num_items=476, num_batches=5, token_weight=160411, token_weight_in_effect=160411
I1216 23:00:29.854749  6820 c_interface.cc:559] Pass GetScoreValueArgs, score_name=^^^ItemsProcessedScore^^^ to MasterComponent::Request
I1216 23:00:29.854749  6820 c_interface.cc:230] ArtmCopyRequestedMessage is copying 46 bytes...
I1216 23:00:29.854749 19124 c_interface.cc:386] Pass FitOfflineMasterModelArgs, batch_filename_size=5, batch_weight_size=5, num_collection_passes=1 to void (__cdecl artm::core::MasterComponent::*)(class artm::FitOfflineMasterModelArgs const & __ptr64) __ptr64
I1216 23:00:29.854749 19124 master_component.cc:1340] ProcessBatchesArgs: nwt_target_name=nwt, batch_filename_size=5, batch_size=0, batch_weight_size=5, pwt_source_name=pwt, num_document_passes=1, regularizer=(name:SparsePhi, tau:-2), class=(text:1), reuse_theta=yes, opt_for_avx=yes, predict_class_id=
I1216 23:00:29.880733 10096 processor.cc:724] Processing queue has data, processing started
I1216 23:00:29.880733  5232 processor.cc:724] Processing queue has data, processing started
I1216 23:00:29.880733  6564 processor.cc:724] Processing queue has data, processing started
I1216 23:00:29.882731  5384 processor.cc:724] Processing queue has data, processing started
I1216 23:00:29.882731 12636 processor.cc:724] Processing queue has data, processing started
I1216 23:00:29.883731  6564 processor.cc:802] Processor: start processing batch 3ba13dee-a94b-4453-a2b7-026e8ecb9da5 into model nwt
I1216 23:00:29.883731 10096 processor.cc:802] Processor: start processing batch 83d87f1b-45d8-489b-ad59-ef8e94ac4d53 into model nwt
I1216 23:00:29.883731  5232 processor.cc:802] Processor: start processing batch 445fe471-fc19-429f-ab58-721c4647224c into model nwt
I1216 23:00:29.885730  5384 processor.cc:802] Processor: start processing batch 416f75d1-5d32-4424-b92e-a06e70ff8f8b into model nwt
I1216 23:00:29.886730 12636 processor.cc:802] Processor: start processing batch e3cdd9c7-49ed-465e-bb07-1f755bd8be9d into model nwt
I1216 23:00:29.923708  5232 processor.cc:898] Processor: complete processing batch 445fe471-fc19-429f-ab58-721c4647224c into model nwt
I1216 23:00:29.923708 10096 processor.cc:898] Processor: complete processing batch 83d87f1b-45d8-489b-ad59-ef8e94ac4d53 into model nwt
I1216 23:00:29.924707  5232 cuckoo_watch.h:45] 44ms in ProcessBatch(school_batches\aaaaac.batch) [including 2ms in LoadMessage; 1ms in InitializeSparseNdw; 10ms in InferThetaAndUpdateNwtSparse; 14ms in CalculateScore(PerplexityScore); 3ms in CalculateScore(SparsityThetaScore); 10ms in CalculateScore(^^^ItemsProcessedScore^^^); ]
I1216 23:00:29.924707 10096 cuckoo_watch.h:45] 44ms in ProcessBatch(school_batches\aaaaab.batch) [including 2ms in LoadMessage; 1ms in InitializeSparseNdw; 10ms in InferThetaAndUpdateNwtSparse; 15ms in CalculateScore(PerplexityScore); 2ms in CalculateScore(SparsityThetaScore); 10ms in CalculateScore(^^^ItemsProcessedScore^^^); ]
I1216 23:00:29.925706  5384 processor.cc:898] Processor: complete processing batch 416f75d1-5d32-4424-b92e-a06e70ff8f8b into model nwt
I1216 23:00:29.927706  5384 cuckoo_watch.h:45] 44ms in ProcessBatch(school_batches\aaaaae.batch) [including 2ms in LoadMessage; 1ms in InitializeSparseNdw; 9ms in InferThetaAndUpdateNwtSparse; 16ms in CalculateScore(PerplexityScore); 2ms in CalculateScore(SparsityThetaScore); 10ms in CalculateScore(^^^ItemsProcessedScore^^^); ]
I1216 23:00:29.930706  6564 processor.cc:898] Processor: complete processing batch 3ba13dee-a94b-4453-a2b7-026e8ecb9da5 into model nwt
I1216 23:00:29.933703  6564 cuckoo_watch.h:45] 53ms in ProcessBatch(school_batches\aaaaaa.batch) [including 2ms in LoadMessage; 1ms in InitializeSparseNdw; 14ms in InferThetaAndUpdateNwtSparse; 16ms in CalculateScore(PerplexityScore); 2ms in CalculateScore(SparsityThetaScore); 11ms in CalculateScore(^^^ItemsProcessedScore^^^); ]
I1216 23:00:29.933703 12636 processor.cc:898] Processor: complete processing batch e3cdd9c7-49ed-465e-bb07-1f755bd8be9d into model nwt
I1216 23:00:29.934703 12636 cuckoo_watch.h:45] 52ms in ProcessBatch(school_batches\aaaaad.batch) [including 3ms in LoadMessage; 1ms in InitializeSparseNdw; 14ms in InferThetaAndUpdateNwtSparse; 13ms in CalculateScore(PerplexityScore); 3ms in CalculateScore(SparsityThetaScore); 13ms in CalculateScore(^^^ItemsProcessedScore^^^); ]
I1216 23:00:29.935705 19124 master_component.cc:1378] RegularizeModelArgs: rwt_target_name=rwt, pwt_source_name=pwt, nwt_source_name=nwt
I1216 23:00:29.935705 19124 master_component.cc:922] MasterComponent: start regularizing model pwt
I1216 23:00:29.972678  5232 processor.cc:717] No data in processing queue, waiting...
I1216 23:00:29.972678 10096 processor.cc:717] No data in processing queue, waiting...
I1216 23:00:29.975677  5384 processor.cc:717] No data in processing queue, waiting...
I1216 23:00:29.982672  6564 processor.cc:717] No data in processing queue, waiting...
I1216 23:00:29.982672 12636 processor.cc:717] No data in processing queue, waiting...
I1216 23:00:29.988669 19124 master_component.cc:948] MasterComponent: complete regularizing model pwt
I1216 23:00:29.988669 19124 master_component.cc:1391] NormalizeModelArgs: pwt_target_name=pwt, nwt_source_name=nwt, rwt_source_name=rwt
I1216 23:00:29.988669 19124 master_component.cc:952] MasterComponent: start normalizing model nwt
I1216 23:00:30.019650 19124 master_component.cc:980] MasterComponent: complete normalizing model nwt
I1216 23:00:30.033643 19124 master_component.cc:1415] DisposeModel rwt
I1216 23:00:30.037640 19124 master_component.cc:1005] FitOffline: ItemsProcessed, num_items=476, num_batches=5, token_weight=160411, token_weight_in_effect=160411
I1216 23:00:30.037640  6820 c_interface.cc:559] Pass GetScoreValueArgs, score_name=^^^ItemsProcessedScore^^^ to MasterComponent::Request
I1216 23:00:30.037640  6820 c_interface.cc:230] ArtmCopyRequestedMessage is copying 46 bytes...
I1216 23:00:30.037640 19124 c_interface.cc:386] Pass FitOfflineMasterModelArgs, batch_filename_size=5, batch_weight_size=5, num_collection_passes=1 to void (__cdecl artm::core::MasterComponent::*)(class artm::FitOfflineMasterModelArgs const & __ptr64) __ptr64
I1216 23:00:30.038640 19124 master_component.cc:1340] ProcessBatchesArgs: nwt_target_name=nwt, batch_filename_size=5, batch_size=0, batch_weight_size=5, pwt_source_name=pwt, num_document_passes=1, regularizer=(name:SparsePhi, tau:-2), class=(text:1), reuse_theta=yes, opt_for_avx=yes, predict_class_id=
I1216 23:00:30.063625 14116 processor.cc:724] Processing queue has data, processing started
I1216 23:00:30.063625 12636 processor.cc:724] Processing queue has data, processing started
I1216 23:00:30.063625  5384 processor.cc:724] Processing queue has data, processing started
I1216 23:00:30.063625 15864 processor.cc:724] Processing queue has data, processing started
I1216 23:00:30.064625 10952 processor.cc:724] Processing queue has data, processing started
I1216 23:00:30.066624 12636 processor.cc:802] Processor: start processing batch 3ba13dee-a94b-4453-a2b7-026e8ecb9da5 into model nwt
I1216 23:00:30.067622 14116 processor.cc:802] Processor: start processing batch 83d87f1b-45d8-489b-ad59-ef8e94ac4d53 into model nwt
I1216 23:00:30.067622 15864 processor.cc:802] Processor: start processing batch e3cdd9c7-49ed-465e-bb07-1f755bd8be9d into model nwt
I1216 23:00:30.068622  5384 processor.cc:802] Processor: start processing batch 445fe471-fc19-429f-ab58-721c4647224c into model nwt
I1216 23:00:30.068622 10952 processor.cc:802] Processor: start processing batch 416f75d1-5d32-4424-b92e-a06e70ff8f8b into model nwt
I1216 23:00:30.108598 10952 processor.cc:898] Processor: complete processing batch 416f75d1-5d32-4424-b92e-a06e70ff8f8b into model nwt
I1216 23:00:30.109597 10952 cuckoo_watch.h:45] 45ms in ProcessBatch(school_batches\aaaaae.batch) [including 3ms in LoadMessage; 1ms in InitializeSparseNdw; 9ms in InferThetaAndUpdateNwtSparse; 13ms in CalculateScore(PerplexityScore); 2ms in CalculateScore(SparsityThetaScore); 13ms in CalculateScore(^^^ItemsProcessedScore^^^); ]
I1216 23:00:30.111596 12636 processor.cc:898] Processor: complete processing batch 3ba13dee-a94b-4453-a2b7-026e8ecb9da5 into model nwt
I1216 23:00:30.111596 12636 cuckoo_watch.h:45] 48ms in ProcessBatch(school_batches\aaaaaa.batch) [including 2ms in LoadMessage; 2ms in InitializeSparseNdw; 10ms in InferThetaAndUpdateNwtSparse; 18ms in CalculateScore(PerplexityScore); 3ms in CalculateScore(SparsityThetaScore); 10ms in CalculateScore(^^^ItemsProcessedScore^^^); ]
I1216 23:00:30.113596  5384 processor.cc:898] Processor: complete processing batch 445fe471-fc19-429f-ab58-721c4647224c into model nwt
I1216 23:00:30.114595  5384 cuckoo_watch.h:45] 51ms in ProcessBatch(school_batches\aaaaac.batch) [including 4ms in LoadMessage; 2ms in InitializeSparseNdw; 10ms in InferThetaAndUpdateNwtSparse; 15ms in CalculateScore(PerplexityScore); 3ms in CalculateScore(SparsityThetaScore); 13ms in CalculateScore(^^^ItemsProcessedScore^^^); ]
I1216 23:00:30.116592 14116 processor.cc:898] Processor: complete processing batch 83d87f1b-45d8-489b-ad59-ef8e94ac4d53 into model nwt
I1216 23:00:30.117592 14116 cuckoo_watch.h:45] 53ms in ProcessBatch(school_batches\aaaaab.batch) [including 3ms in LoadMessage; 1ms in InitializeSparseNdw; 10ms in InferThetaAndUpdateNwtSparse; 17ms in CalculateScore(PerplexityScore); 4ms in CalculateScore(SparsityThetaScore); 14ms in CalculateScore(^^^ItemsProcessedScore^^^); ]
I1216 23:00:30.117592 15864 processor.cc:898] Processor: complete processing batch e3cdd9c7-49ed-465e-bb07-1f755bd8be9d into model nwt
I1216 23:00:30.118592 15864 cuckoo_watch.h:45] 55ms in ProcessBatch(school_batches\aaaaad.batch) [including 3ms in LoadMessage; 1ms in InitializeSparseNdw; 10ms in InferThetaAndUpdateNwtSparse; 20ms in CalculateScore(PerplexityScore); 5ms in CalculateScore(SparsityThetaScore); 11ms in CalculateScore(^^^ItemsProcessedScore^^^); ]
I1216 23:00:30.120592 19124 master_component.cc:1378] RegularizeModelArgs: rwt_target_name=rwt, pwt_source_name=pwt, nwt_source_name=nwt
I1216 23:00:30.120592 19124 master_component.cc:922] MasterComponent: start regularizing model pwt
I1216 23:00:30.154570 10952 processor.cc:717] No data in processing queue, waiting...
I1216 23:00:30.158568 12636 processor.cc:717] No data in processing queue, waiting...
I1216 23:00:30.160566  5384 processor.cc:717] No data in processing queue, waiting...
I1216 23:00:30.162565 14116 processor.cc:717] No data in processing queue, waiting...
I1216 23:00:30.168562 15864 processor.cc:717] No data in processing queue, waiting...
I1216 23:00:30.174561 19124 master_component.cc:948] MasterComponent: complete regularizing model pwt
I1216 23:00:30.174561 19124 master_component.cc:1391] NormalizeModelArgs: pwt_target_name=pwt, nwt_source_name=nwt, rwt_source_name=rwt
I1216 23:00:30.174561 19124 master_component.cc:952] MasterComponent: start normalizing model nwt
I1216 23:00:30.212536 19124 master_component.cc:980] MasterComponent: complete normalizing model nwt
I1216 23:00:30.226527 19124 master_component.cc:1415] DisposeModel rwt
I1216 23:00:30.230525 19124 master_component.cc:1005] FitOffline: ItemsProcessed, num_items=476, num_batches=5, token_weight=160411, token_weight_in_effect=160411
I1216 23:00:30.230525  6820 c_interface.cc:559] Pass GetScoreValueArgs, score_name=^^^ItemsProcessedScore^^^ to MasterComponent::Request
I1216 23:00:30.230525  6820 c_interface.cc:230] ArtmCopyRequestedMessage is copying 46 bytes...
I1216 23:00:30.231524 19124 c_interface.cc:386] Pass FitOfflineMasterModelArgs, batch_filename_size=5, batch_weight_size=5, num_collection_passes=1 to void (__cdecl artm::core::MasterComponent::*)(class artm::FitOfflineMasterModelArgs const & __ptr64) __ptr64
I1216 23:00:30.231524 19124 master_component.cc:1340] ProcessBatchesArgs: nwt_target_name=nwt, batch_filename_size=5, batch_size=0, batch_weight_size=5, pwt_source_name=pwt, num_document_passes=1, regularizer=(name:SparsePhi, tau:-2), class=(text:1), reuse_theta=yes, opt_for_avx=yes, predict_class_id=
I1216 23:00:30.257509  5232 processor.cc:724] Processing queue has data, processing started
I1216 23:00:30.257509 14116 processor.cc:724] Processing queue has data, processing started
I1216 23:00:30.257509  5384 processor.cc:724] Processing queue has data, processing started
I1216 23:00:30.257509  9888 processor.cc:724] Processing queue has data, processing started
I1216 23:00:30.257509 16128 processor.cc:724] Processing queue has data, processing started
I1216 23:00:30.260509 16128 processor.cc:802] Processor: start processing batch e3cdd9c7-49ed-465e-bb07-1f755bd8be9d into model nwt
I1216 23:00:30.260509  5384 processor.cc:802] Processor: start processing batch 416f75d1-5d32-4424-b92e-a06e70ff8f8b into model nwt
I1216 23:00:30.260509  5232 processor.cc:802] Processor: start processing batch 3ba13dee-a94b-4453-a2b7-026e8ecb9da5 into model nwt
I1216 23:00:30.260509 14116 processor.cc:802] Processor: start processing batch 445fe471-fc19-429f-ab58-721c4647224c into model nwt
I1216 23:00:30.260509  9888 processor.cc:802] Processor: start processing batch 83d87f1b-45d8-489b-ad59-ef8e94ac4d53 into model nwt
I1216 23:00:30.298486  5232 processor.cc:898] Processor: complete processing batch 3ba13dee-a94b-4453-a2b7-026e8ecb9da5 into model nwt
I1216 23:00:30.298486  5384 processor.cc:898] Processor: complete processing batch 416f75d1-5d32-4424-b92e-a06e70ff8f8b into model nwt
I1216 23:00:30.299484  5232 cuckoo_watch.h:45] 42ms in ProcessBatch(school_batches\aaaaaa.batch) [including 2ms in LoadMessage; 1ms in InitializeSparseNdw; 9ms in InferThetaAndUpdateNwtSparse; 14ms in CalculateScore(PerplexityScore); 2ms in CalculateScore(SparsityThetaScore); 10ms in CalculateScore(^^^ItemsProcessedScore^^^); ]
I1216 23:00:30.299484  5384 cuckoo_watch.h:45] 42ms in ProcessBatch(school_batches\aaaaae.batch) [including 2ms in LoadMessage; 1ms in InitializeSparseNdw; 9ms in InferThetaAndUpdateNwtSparse; 15ms in CalculateScore(PerplexityScore); 2ms in CalculateScore(SparsityThetaScore); 9ms in CalculateScore(^^^ItemsProcessedScore^^^); ]
I1216 23:00:30.304482 16128 processor.cc:898] Processor: complete processing batch e3cdd9c7-49ed-465e-bb07-1f755bd8be9d into model nwt
I1216 23:00:30.304482  9888 processor.cc:898] Processor: complete processing batch 83d87f1b-45d8-489b-ad59-ef8e94ac4d53 into model nwt
I1216 23:00:30.305481 16128 cuckoo_watch.h:45] 47ms in ProcessBatch(school_batches\aaaaad.batch) [including 2ms in LoadMessage; 1ms in InitializeSparseNdw; 12ms in InferThetaAndUpdateNwtSparse; 15ms in CalculateScore(PerplexityScore); 4ms in CalculateScore(SparsityThetaScore); 10ms in CalculateScore(^^^ItemsProcessedScore^^^); ]
I1216 23:00:30.305481  9888 cuckoo_watch.h:45] 48ms in ProcessBatch(school_batches\aaaaab.batch) [including 2ms in LoadMessage; 1ms in InitializeSparseNdw; 10ms in InferThetaAndUpdateNwtSparse; 18ms in CalculateScore(PerplexityScore); 3ms in CalculateScore(SparsityThetaScore); 10ms in CalculateScore(^^^ItemsProcessedScore^^^); ]
I1216 23:00:30.309479 14116 processor.cc:898] Processor: complete processing batch 445fe471-fc19-429f-ab58-721c4647224c into model nwt
I1216 23:00:30.309479 14116 cuckoo_watch.h:45] 52ms in ProcessBatch(school_batches\aaaaac.batch) [including 2ms in LoadMessage; 1ms in InitializeSparseNdw; 12ms in InferThetaAndUpdateNwtSparse; 19ms in CalculateScore(PerplexityScore); 3ms in CalculateScore(SparsityThetaScore); 12ms in CalculateScore(^^^ItemsProcessedScore^^^); ]
I1216 23:00:30.311489 19124 master_component.cc:1378] RegularizeModelArgs: rwt_target_name=rwt, pwt_source_name=pwt, nwt_source_name=nwt
I1216 23:00:30.311489 19124 master_component.cc:922] MasterComponent: start regularizing model pwt
I1216 23:00:30.346455  5232 processor.cc:717] No data in processing queue, waiting...
I1216 23:00:30.346455  5384 processor.cc:717] No data in processing queue, waiting...
I1216 23:00:30.354452  9888 processor.cc:717] No data in processing queue, waiting...
I1216 23:00:30.354452 16128 processor.cc:717] No data in processing queue, waiting...
I1216 23:00:30.357450 14116 processor.cc:717] No data in processing queue, waiting...
I1216 23:00:30.366446 19124 master_component.cc:948] MasterComponent: complete regularizing model pwt
I1216 23:00:30.366446 19124 master_component.cc:1391] NormalizeModelArgs: pwt_target_name=pwt, nwt_source_name=nwt, rwt_source_name=rwt
I1216 23:00:30.366446 19124 master_component.cc:952] MasterComponent: start normalizing model nwt
I1216 23:00:30.396427 19124 master_component.cc:980] MasterComponent: complete normalizing model nwt
I1216 23:00:30.409420 19124 master_component.cc:1415] DisposeModel rwt
I1216 23:00:30.413417 19124 master_component.cc:1005] FitOffline: ItemsProcessed, num_items=476, num_batches=5, token_weight=160411, token_weight_in_effect=160411
I1216 23:00:30.414417  6820 c_interface.cc:559] Pass GetScoreValueArgs, score_name=^^^ItemsProcessedScore^^^ to MasterComponent::Request
I1216 23:00:30.414417  6820 c_interface.cc:230] ArtmCopyRequestedMessage is copying 46 bytes...
I1216 23:00:30.414417 19124 c_interface.cc:386] Pass FitOfflineMasterModelArgs, batch_filename_size=5, batch_weight_size=5, num_collection_passes=1 to void (__cdecl artm::core::MasterComponent::*)(class artm::FitOfflineMasterModelArgs const & __ptr64) __ptr64
I1216 23:00:30.414417 19124 master_component.cc:1340] ProcessBatchesArgs: nwt_target_name=nwt, batch_filename_size=5, batch_size=0, batch_weight_size=5, pwt_source_name=pwt, num_document_passes=1, regularizer=(name:SparsePhi, tau:-2), class=(text:1), reuse_theta=yes, opt_for_avx=yes, predict_class_id=
I1216 23:00:30.440400 10168 processor.cc:724] Processing queue has data, processing started
I1216 23:00:30.440400 12636 processor.cc:724] Processing queue has data, processing started
I1216 23:00:30.440400 16128 processor.cc:724] Processing queue has data, processing started
I1216 23:00:30.440400  5232 processor.cc:724] Processing queue has data, processing started
I1216 23:00:30.442399 10096 processor.cc:724] Processing queue has data, processing started
I1216 23:00:30.443398  5232 processor.cc:802] Processor: start processing batch 83d87f1b-45d8-489b-ad59-ef8e94ac4d53 into model nwt
I1216 23:00:30.443398 10168 processor.cc:802] Processor: start processing batch e3cdd9c7-49ed-465e-bb07-1f755bd8be9d into model nwt
I1216 23:00:30.443398 12636 processor.cc:802] Processor: start processing batch 3ba13dee-a94b-4453-a2b7-026e8ecb9da5 into model nwt
I1216 23:00:30.443398 16128 processor.cc:802] Processor: start processing batch 445fe471-fc19-429f-ab58-721c4647224c into model nwt
I1216 23:00:30.446398 10096 processor.cc:802] Processor: start processing batch 416f75d1-5d32-4424-b92e-a06e70ff8f8b into model nwt
I1216 23:00:30.486373 10096 processor.cc:898] Processor: complete processing batch 416f75d1-5d32-4424-b92e-a06e70ff8f8b into model nwt
I1216 23:00:30.486373 10168 processor.cc:898] Processor: complete processing batch e3cdd9c7-49ed-465e-bb07-1f755bd8be9d into model nwt
I1216 23:00:30.487372 10096 cuckoo_watch.h:45] 44ms in ProcessBatch(school_batches\aaaaae.batch) [including 3ms in LoadMessage; 1ms in InitializeSparseNdw; 9ms in InferThetaAndUpdateNwtSparse; 15ms in CalculateScore(PerplexityScore); 3ms in CalculateScore(SparsityThetaScore); 9ms in CalculateScore(^^^ItemsProcessedScore^^^); ]
I1216 23:00:30.487372 12636 processor.cc:898] Processor: complete processing batch 3ba13dee-a94b-4453-a2b7-026e8ecb9da5 into model nwt
I1216 23:00:30.487372 10168 cuckoo_watch.h:45] 47ms in ProcessBatch(school_batches\aaaaad.batch) [including 2ms in LoadMessage; 1ms in InitializeSparseNdw; 13ms in InferThetaAndUpdateNwtSparse; 14ms in CalculateScore(PerplexityScore); 3ms in CalculateScore(SparsityThetaScore); 11ms in CalculateScore(^^^ItemsProcessedScore^^^); ]
I1216 23:00:30.488373  5232 processor.cc:898] Processor: complete processing batch 83d87f1b-45d8-489b-ad59-ef8e94ac4d53 into model nwt
I1216 23:00:30.488373 16128 processor.cc:898] Processor: complete processing batch 445fe471-fc19-429f-ab58-721c4647224c into model nwt
I1216 23:00:30.489372 12636 cuckoo_watch.h:45] 48ms in ProcessBatch(school_batches\aaaaaa.batch) [including 2ms in LoadMessage; 1ms in InitializeSparseNdw; 10ms in InferThetaAndUpdateNwtSparse; 16ms in CalculateScore(PerplexityScore); 4ms in CalculateScore(SparsityThetaScore); 10ms in CalculateScore(^^^ItemsProcessedScore^^^); ]
I1216 23:00:30.489372  5232 cuckoo_watch.h:45] 49ms in ProcessBatch(school_batches\aaaaab.batch) [including 2ms in LoadMessage; 1ms in InitializeSparseNdw; 10ms in InferThetaAndUpdateNwtSparse; 16ms in CalculateScore(PerplexityScore); 4ms in CalculateScore(SparsityThetaScore); 11ms in CalculateScore(^^^ItemsProcessedScore^^^); ]
I1216 23:00:30.489372 16128 cuckoo_watch.h:45] 49ms in ProcessBatch(school_batches\aaaaac.batch) [including 2ms in LoadMessage; 1ms in InitializeSparseNdw; 12ms in InferThetaAndUpdateNwtSparse; 16ms in CalculateScore(PerplexityScore); 3ms in CalculateScore(SparsityThetaScore); 10ms in CalculateScore(^^^ItemsProcessedScore^^^); ]
I1216 23:00:30.490372 19124 master_component.cc:1378] RegularizeModelArgs: rwt_target_name=rwt, pwt_source_name=pwt, nwt_source_name=nwt
I1216 23:00:30.490372 19124 master_component.cc:922] MasterComponent: start regularizing model pwt
I1216 23:00:30.535344 10168 processor.cc:717] No data in processing queue, waiting...
I1216 23:00:30.535344 10096 processor.cc:717] No data in processing queue, waiting...
I1216 23:00:30.541340 16128 processor.cc:717] No data in processing queue, waiting...
I1216 23:00:30.541340  5232 processor.cc:717] No data in processing queue, waiting...
I1216 23:00:30.541340 12636 processor.cc:717] No data in processing queue, waiting...
I1216 23:00:30.544339 19124 master_component.cc:948] MasterComponent: complete regularizing model pwt
I1216 23:00:30.544339 19124 master_component.cc:1391] NormalizeModelArgs: pwt_target_name=pwt, nwt_source_name=nwt, rwt_source_name=rwt
I1216 23:00:30.544339 19124 master_component.cc:952] MasterComponent: start normalizing model nwt
I1216 23:00:30.574321 19124 master_component.cc:980] MasterComponent: complete normalizing model nwt
I1216 23:00:30.588312 19124 master_component.cc:1415] DisposeModel rwt
I1216 23:00:30.592310 19124 master_component.cc:1005] FitOffline: ItemsProcessed, num_items=476, num_batches=5, token_weight=160411, token_weight_in_effect=160411
I1216 23:00:30.592310  6820 c_interface.cc:559] Pass GetScoreValueArgs, score_name=^^^ItemsProcessedScore^^^ to MasterComponent::Request
I1216 23:00:30.592310  6820 c_interface.cc:230] ArtmCopyRequestedMessage is copying 46 bytes...
I1216 23:00:30.592310 19124 c_interface.cc:386] Pass FitOfflineMasterModelArgs, batch_filename_size=5, batch_weight_size=5, num_collection_passes=1 to void (__cdecl artm::core::MasterComponent::*)(class artm::FitOfflineMasterModelArgs const & __ptr64) __ptr64
I1216 23:00:30.592310 19124 master_component.cc:1340] ProcessBatchesArgs: nwt_target_name=nwt, batch_filename_size=5, batch_size=0, batch_weight_size=5, pwt_source_name=pwt, num_document_passes=1, regularizer=(name:SparsePhi, tau:-2), class=(text:1), reuse_theta=yes, opt_for_avx=yes, predict_class_id=
I1216 23:00:30.619294  6564 processor.cc:724] Processing queue has data, processing started
I1216 23:00:30.619294  5232 processor.cc:724] Processing queue has data, processing started
I1216 23:00:30.619294 16128 processor.cc:724] Processing queue has data, processing started
I1216 23:00:30.619294  5384 processor.cc:724] Processing queue has data, processing started
I1216 23:00:30.619294 15864 processor.cc:724] Processing queue has data, processing started
I1216 23:00:30.622292  5384 processor.cc:802] Processor: start processing batch 416f75d1-5d32-4424-b92e-a06e70ff8f8b into model nwt
I1216 23:00:30.622292  6564 processor.cc:802] Processor: start processing batch 83d87f1b-45d8-489b-ad59-ef8e94ac4d53 into model nwt
I1216 23:00:30.622292  5232 processor.cc:802] Processor: start processing batch e3cdd9c7-49ed-465e-bb07-1f755bd8be9d into model nwt
I1216 23:00:30.622292 15864 processor.cc:802] Processor: start processing batch 3ba13dee-a94b-4453-a2b7-026e8ecb9da5 into model nwt
I1216 23:00:30.622292 16128 processor.cc:802] Processor: start processing batch 445fe471-fc19-429f-ab58-721c4647224c into model nwt
I1216 23:00:30.660270  5384 processor.cc:898] Processor: complete processing batch 416f75d1-5d32-4424-b92e-a06e70ff8f8b into model nwt
I1216 23:00:30.661269  5384 cuckoo_watch.h:45] 42ms in ProcessBatch(school_batches\aaaaae.batch) [including 2ms in LoadMessage; 1ms in InitializeSparseNdw; 11ms in InferThetaAndUpdateNwtSparse; 12ms in CalculateScore(PerplexityScore); 2ms in CalculateScore(SparsityThetaScore); 10ms in CalculateScore(^^^ItemsProcessedScore^^^); ]
I1216 23:00:30.664268  6564 processor.cc:898] Processor: complete processing batch 83d87f1b-45d8-489b-ad59-ef8e94ac4d53 into model nwt
I1216 23:00:30.664268 15864 processor.cc:898] Processor: complete processing batch 3ba13dee-a94b-4453-a2b7-026e8ecb9da5 into model nwt
I1216 23:00:30.664268 15864 cuckoo_watch.h:45] 45ms in ProcessBatch(school_batches\aaaaaa.batch) [including 2ms in LoadMessage; 1ms in InitializeSparseNdw; 10ms in InferThetaAndUpdateNwtSparse; 14ms in CalculateScore(PerplexityScore); 3ms in CalculateScore(SparsityThetaScore); 12ms in CalculateScore(^^^ItemsProcessedScore^^^); ]
I1216 23:00:30.664268  6564 cuckoo_watch.h:45] 45ms in ProcessBatch(school_batches\aaaaab.batch) [including 2ms in LoadMessage; 1ms in InitializeSparseNdw; 10ms in InferThetaAndUpdateNwtSparse; 13ms in CalculateScore(PerplexityScore); 3ms in CalculateScore(SparsityThetaScore); 12ms in CalculateScore(^^^ItemsProcessedScore^^^); ]
I1216 23:00:30.665267  5232 processor.cc:898] Processor: complete processing batch e3cdd9c7-49ed-465e-bb07-1f755bd8be9d into model nwt
I1216 23:00:30.665267  5232 cuckoo_watch.h:45] 46ms in ProcessBatch(school_batches\aaaaad.batch) [including 2ms in LoadMessage; 1ms in InitializeSparseNdw; 12ms in InferThetaAndUpdateNwtSparse; 15ms in CalculateScore(PerplexityScore); 3ms in CalculateScore(SparsityThetaScore); 10ms in CalculateScore(^^^ItemsProcessedScore^^^); ]
I1216 23:00:30.669265 16128 processor.cc:898] Processor: complete processing batch 445fe471-fc19-429f-ab58-721c4647224c into model nwt
I1216 23:00:30.670264 16128 cuckoo_watch.h:45] 51ms in ProcessBatch(school_batches\aaaaac.batch) [including 2ms in LoadMessage; 1ms in InitializeSparseNdw; 14ms in InferThetaAndUpdateNwtSparse; 14ms in CalculateScore(PerplexityScore); 4ms in CalculateScore(SparsityThetaScore); 12ms in CalculateScore(^^^ItemsProcessedScore^^^); ]
I1216 23:00:30.671263 19124 master_component.cc:1378] RegularizeModelArgs: rwt_target_name=rwt, pwt_source_name=pwt, nwt_source_name=nwt
I1216 23:00:30.671263 19124 master_component.cc:922] MasterComponent: start regularizing model pwt
I1216 23:00:30.705242  5384 processor.cc:717] No data in processing queue, waiting...
I1216 23:00:30.709240 15864 processor.cc:717] No data in processing queue, waiting...
I1216 23:00:30.709240  6564 processor.cc:717] No data in processing queue, waiting...
I1216 23:00:30.709240  5232 processor.cc:717] No data in processing queue, waiting...
I1216 23:00:30.718235 16128 processor.cc:717] No data in processing queue, waiting...
I1216 23:00:30.723232 19124 master_component.cc:948] MasterComponent: complete regularizing model pwt
I1216 23:00:30.723232 19124 master_component.cc:1391] NormalizeModelArgs: pwt_target_name=pwt, nwt_source_name=nwt, rwt_source_name=rwt
I1216 23:00:30.723232 19124 master_component.cc:952] MasterComponent: start normalizing model nwt
I1216 23:00:30.753214 19124 master_component.cc:980] MasterComponent: complete normalizing model nwt
I1216 23:00:30.767205 19124 master_component.cc:1415] DisposeModel rwt
I1216 23:00:30.770205 19124 master_component.cc:1005] FitOffline: ItemsProcessed, num_items=476, num_batches=5, token_weight=160411, token_weight_in_effect=160411
I1216 23:00:30.771203  6820 c_interface.cc:559] Pass GetScoreValueArgs, score_name=^^^ItemsProcessedScore^^^ to MasterComponent::Request
I1216 23:00:30.771203  6820 c_interface.cc:230] ArtmCopyRequestedMessage is copying 46 bytes...
I1216 23:00:30.771203 19124 c_interface.cc:386] Pass FitOfflineMasterModelArgs, batch_filename_size=5, batch_weight_size=5, num_collection_passes=1 to void (__cdecl artm::core::MasterComponent::*)(class artm::FitOfflineMasterModelArgs const & __ptr64) __ptr64
I1216 23:00:30.771203 19124 master_component.cc:1340] ProcessBatchesArgs: nwt_target_name=nwt, batch_filename_size=5, batch_size=0, batch_weight_size=5, pwt_source_name=pwt, num_document_passes=1, regularizer=(name:SparsePhi, tau:-2), class=(text:1), reuse_theta=yes, opt_for_avx=yes, predict_class_id=
I1216 23:00:30.797188 12912 processor.cc:724] Processing queue has data, processing started
I1216 23:00:30.797188  5232 processor.cc:724] Processing queue has data, processing started
I1216 23:00:30.797188  5384 processor.cc:724] Processing queue has data, processing started
I1216 23:00:30.797188 14116 processor.cc:724] Processing queue has data, processing started
I1216 23:00:30.799186 10952 processor.cc:724] Processing queue has data, processing started
I1216 23:00:30.800187 12912 processor.cc:802] Processor: start processing batch 83d87f1b-45d8-489b-ad59-ef8e94ac4d53 into model nwt
I1216 23:00:30.800187  5232 processor.cc:802] Processor: start processing batch 445fe471-fc19-429f-ab58-721c4647224c into model nwt
I1216 23:00:30.800187  5384 processor.cc:802] Processor: start processing batch 3ba13dee-a94b-4453-a2b7-026e8ecb9da5 into model nwt
I1216 23:00:30.800187 14116 processor.cc:802] Processor: start processing batch e3cdd9c7-49ed-465e-bb07-1f755bd8be9d into model nwt
I1216 23:00:30.801187 10952 processor.cc:802] Processor: start processing batch 416f75d1-5d32-4424-b92e-a06e70ff8f8b into model nwt
I1216 23:00:30.839164 10952 processor.cc:898] Processor: complete processing batch 416f75d1-5d32-4424-b92e-a06e70ff8f8b into model nwt
I1216 23:00:30.839164 14116 processor.cc:898] Processor: complete processing batch e3cdd9c7-49ed-465e-bb07-1f755bd8be9d into model nwt
I1216 23:00:30.840163 10952 cuckoo_watch.h:45] 41ms in ProcessBatch(school_batches\aaaaae.batch) [including 2ms in LoadMessage; 1ms in InitializeSparseNdw; 9ms in InferThetaAndUpdateNwtSparse; 13ms in CalculateScore(PerplexityScore); 2ms in CalculateScore(SparsityThetaScore); 9ms in CalculateScore(^^^ItemsProcessedScore^^^); ]
I1216 23:00:30.840163 14116 cuckoo_watch.h:45] 43ms in ProcessBatch(school_batches\aaaaad.batch) [including 2ms in LoadMessage; 1ms in InitializeSparseNdw; 10ms in InferThetaAndUpdateNwtSparse; 13ms in CalculateScore(PerplexityScore); 2ms in CalculateScore(SparsityThetaScore); 10ms in CalculateScore(^^^ItemsProcessedScore^^^); ]
I1216 23:00:30.843163  5384 processor.cc:898] Processor: complete processing batch 3ba13dee-a94b-4453-a2b7-026e8ecb9da5 into model nwt
I1216 23:00:30.843163  5232 processor.cc:898] Processor: complete processing batch 445fe471-fc19-429f-ab58-721c4647224c into model nwt
I1216 23:00:30.844161  5384 cuckoo_watch.h:45] 47ms in ProcessBatch(school_batches\aaaaaa.batch) [including 2ms in LoadMessage; 1ms in InitializeSparseNdw; 9ms in InferThetaAndUpdateNwtSparse; 16ms in CalculateScore(PerplexityScore); 3ms in CalculateScore(SparsityThetaScore); 10ms in CalculateScore(^^^ItemsProcessedScore^^^); ]
I1216 23:00:30.844161  5232 cuckoo_watch.h:45] 47ms in ProcessBatch(school_batches\aaaaac.batch) [including 2ms in LoadMessage; 2ms in InitializeSparseNdw; 12ms in InferThetaAndUpdateNwtSparse; 14ms in CalculateScore(PerplexityScore); 3ms in CalculateScore(SparsityThetaScore); 10ms in CalculateScore(^^^ItemsProcessedScore^^^); ]
I1216 23:00:30.845160 12912 processor.cc:898] Processor: complete processing batch 83d87f1b-45d8-489b-ad59-ef8e94ac4d53 into model nwt
I1216 23:00:30.846159 12912 cuckoo_watch.h:45] 49ms in ProcessBatch(school_batches\aaaaab.batch) [including 2ms in LoadMessage; 2ms in InitializeSparseNdw; 11ms in InferThetaAndUpdateNwtSparse; 15ms in CalculateScore(PerplexityScore); 5ms in CalculateScore(SparsityThetaScore); 10ms in CalculateScore(^^^ItemsProcessedScore^^^); ]
I1216 23:00:30.848157 19124 master_component.cc:1378] RegularizeModelArgs: rwt_target_name=rwt, pwt_source_name=pwt, nwt_source_name=nwt
I1216 23:00:30.848157 19124 master_component.cc:922] MasterComponent: start regularizing model pwt
I1216 23:00:30.891134 10952 processor.cc:717] No data in processing queue, waiting...
I1216 23:00:30.891134 14116 processor.cc:717] No data in processing queue, waiting...
I1216 23:00:30.894130  5384 processor.cc:717] No data in processing queue, waiting...
I1216 23:00:30.894130 12912 processor.cc:717] No data in processing queue, waiting...
I1216 23:00:30.894130  5232 processor.cc:717] No data in processing queue, waiting...
I1216 23:00:30.900127 19124 master_component.cc:948] MasterComponent: complete regularizing model pwt
I1216 23:00:30.900127 19124 master_component.cc:1391] NormalizeModelArgs: pwt_target_name=pwt, nwt_source_name=nwt, rwt_source_name=rwt
I1216 23:00:30.900127 19124 master_component.cc:952] MasterComponent: start normalizing model nwt
I1216 23:00:30.931108 19124 master_component.cc:980] MasterComponent: complete normalizing model nwt
I1216 23:00:30.945101 19124 master_component.cc:1415] DisposeModel rwt
I1216 23:00:30.948098 19124 master_component.cc:1005] FitOffline: ItemsProcessed, num_items=476, num_batches=5, token_weight=160411, token_weight_in_effect=160411
I1216 23:00:30.949097  6820 c_interface.cc:559] Pass GetScoreValueArgs, score_name=^^^ItemsProcessedScore^^^ to MasterComponent::Request
I1216 23:00:30.949097  6820 c_interface.cc:230] ArtmCopyRequestedMessage is copying 46 bytes...
I1216 23:00:30.955096  6820 c_interface.cc:230] ArtmCopyRequestedMessage is copying 218960 bytes...
I1216 23:00:31.107003  6820 c_interface.cc:230] ArtmCopyRequestedMessage is copying 218960 bytes...
I1216 23:00:31.259913  6820 c_interface.cc:230] ArtmCopyRequestedMessage is copying 218960 bytes...
I1216 23:00:31.408824  6820 c_interface.cc:230] ArtmCopyRequestedMessage is copying 218960 bytes...
I1216 23:00:31.553803  6820 c_interface.cc:230] ArtmCopyRequestedMessage is copying 218960 bytes...
I1216 23:00:31.697717  6820 c_interface.cc:230] ArtmCopyRequestedMessage is copying 218960 bytes...
I1216 23:00:31.842631  6820 c_interface.cc:230] ArtmCopyRequestedMessage is copying 218960 bytes...
I1216 23:00:31.989544  6820 c_interface.cc:230] ArtmCopyRequestedMessage is copying 218960 bytes...
I1216 23:00:32.134459  6820 c_interface.cc:230] ArtmCopyRequestedMessage is copying 218960 bytes...
I1216 23:00:32.286368  6820 c_interface.cc:230] ArtmCopyRequestedMessage is copying 218960 bytes...
I1216 23:00:32.438277  6820 c_interface.cc:230] ArtmCopyRequestedMessage is copying 2567 bytes...
I1216 23:00:32.441275  6820 c_interface.cc:230] ArtmCopyRequestedMessage is copying 2563 bytes...
I1216 23:00:32.451270  6820 master_component.cc:357] Exporting model pwt to my_model
I1216 23:00:32.459264  6820 phi_matrix_operations.cc:84] RetrieveExternalTopicModel() with 10 topics, 16099 tokens
I1216 23:00:32.471257  6820 master_component.cc:391] Export of model completed, token_size = 16099, topic_size = 10
I1216 23:00:33.855723  6820 master_component.cc:408] Importing model pwt from my_model
I1216 23:00:33.892701  6820 master_component.cc:455] Import of model completed, token_size = 16099, topic_size = 10
I1216 23:00:33.892701  6820 phi_matrix_operations.cc:84] RetrieveExternalTopicModel() with 10 topics, 16099 tokens
I1216 23:00:33.901695  6820 c_interface.cc:230] ArtmCopyRequestedMessage is copying 477630 bytes...
I1216 23:00:37.014792  6820 phi_matrix_operations.cc:84] RetrieveExternalTopicModel() with 10 topics, 16099 tokens
