I1216 23:00:15.791780  9888 cuckoo_watch.h:45] 49ms in ProcessBatch(school_batches\aaaaae.batch) [including 2ms in LoadMessage; 1ms in InitializeSparseNdw; 12ms in InferThetaAndUpdateNwtSparse; 14ms in CalculateScore(PerplexityScore); 3ms in CalculateScore(SparsityThetaScore); 13ms in CalculateScore(^^^ItemsProcessedScore^^^); ]
I1216 23:00:15.791780 12636 cuckoo_watch.h:45] 49ms in ProcessBatch(school_batches\aaaaad.batch) [including 4ms in LoadMessage; 1ms in InitializeSparseNdw; 10ms in InferThetaAndUpdateNwtSparse; 17ms in CalculateScore(PerplexityScore); 3ms in CalculateScore(SparsityThetaScore); 12ms in CalculateScore(^^^ItemsProcessedScore^^^); ]
I1216 23:00:15.793779  5232 processor.cc:898] Processor: complete processing batch 83d87f1b-45d8-489b-ad59-ef8e94ac4d53 into model nwt
I1216 23:00:15.794778  5232 cuckoo_watch.h:45] 54ms in ProcessBatch(school_batches\aaaaab.batch) [including 2ms in LoadMessage; 2ms in InitializeSparseNdw; 10ms in InferThetaAndUpdateNwtSparse; 20ms in CalculateScore(PerplexityScore); 3ms in CalculateScore(SparsityThetaScore); 13ms in CalculateScore(^^^ItemsProcessedScore^^^); ]
I1216 23:00:15.796777  6564 processor.cc:898] Processor: complete processing batch 445fe471-fc19-429f-ab58-721c4647224c into model nwt
I1216 23:00:15.796777  6564 cuckoo_watch.h:45] 54ms in ProcessBatch(school_batches\aaaaac.batch) [including 4ms in LoadMessage; 1ms in InitializeSparseNdw; 13ms in InferThetaAndUpdateNwtSparse; 15ms in CalculateScore(PerplexityScore); 4ms in CalculateScore(SparsityThetaScore); 13ms in CalculateScore(^^^ItemsProcessedScore^^^); ]
I1216 23:00:15.798775 19124 master_component.cc:1378] RegularizeModelArgs: rwt_target_name=rwt, pwt_source_name=pwt, nwt_source_name=nwt
I1216 23:00:15.798775 19124 master_component.cc:922] MasterComponent: start regularizing model pwt
I1216 23:00:15.830757 10096 processor.cc:717] No data in processing queue, waiting...
I1216 23:00:15.832756  9888 processor.cc:717] No data in processing queue, waiting...
I1216 23:00:15.832756 12636 processor.cc:717] No data in processing queue, waiting...
I1216 23:00:15.834754  5232 processor.cc:717] No data in processing queue, waiting...
I1216 23:00:15.836755  6564 processor.cc:717] No data in processing queue, waiting...
I1216 23:00:15.864738 19124 master_component.cc:948] MasterComponent: complete regularizing model pwt
I1216 23:00:15.864738 19124 master_component.cc:1391] NormalizeModelArgs: pwt_target_name=pwt, nwt_source_name=nwt, rwt_source_name=rwt
I1216 23:00:15.864738 19124 master_component.cc:952] MasterComponent: start normalizing model nwt
I1216 23:00:15.893719 19124 master_component.cc:980] MasterComponent: complete normalizing model nwt
I1216 23:00:15.907711 19124 master_component.cc:1415] DisposeModel rwt
I1216 23:00:15.911708 19124 master_component.cc:1005] FitOffline: ItemsProcessed, num_items=476, num_batches=5, token_weight=160411, token_weight_in_effect=160411
I1216 23:00:15.911708  6820 c_interface.cc:559] Pass GetScoreValueArgs, score_name=^^^ItemsProcessedScore^^^ to MasterComponent::Request
I1216 23:00:15.911708  6820 c_interface.cc:230] ArtmCopyRequestedMessage is copying 46 bytes...
I1216 23:00:15.918705  6820 c_interface.cc:230] ArtmCopyRequestedMessage is copying 188522 bytes...
I1216 23:00:16.042631  6820 c_interface.cc:230] ArtmCopyRequestedMessage is copying 188522 bytes...
I1216 23:00:16.169555  6820 c_interface.cc:230] ArtmCopyRequestedMessage is copying 188522 bytes...
I1216 23:00:16.293481  6820 c_interface.cc:230] ArtmCopyRequestedMessage is copying 188522 bytes...
I1216 23:00:16.416409  6820 c_interface.cc:230] ArtmCopyRequestedMessage is copying 188522 bytes...
I1216 23:00:16.540334  6820 c_interface.cc:230] ArtmCopyRequestedMessage is copying 188522 bytes...
I1216 23:00:16.664261  6820 c_interface.cc:230] ArtmCopyRequestedMessage is copying 188522 bytes...
I1216 23:00:16.787189  6820 c_interface.cc:230] ArtmCopyRequestedMessage is copying 188522 bytes...
I1216 23:00:16.912113  6820 c_interface.cc:230] ArtmCopyRequestedMessage is copying 188522 bytes...
I1216 23:00:17.035040  6820 c_interface.cc:230] ArtmCopyRequestedMessage is copying 188522 bytes...
I1216 23:00:27.558887  6820 c_interface.cc:386] Pass MasterModelConfig: topic_name_size=10, class=(text:1), score_config_size=5, num_processors=0, pwt_name=pwt, nwt_name=nwt, num_document_passes=1, regularizer=(SparsePhi:-2), reuse_theta=yes, cache_theta=yes, opt_for_avx=yes, disk_cache_path to void (__cdecl artm::core::MasterComponent::*)(class artm::MasterModelConfig const & __ptr64) __ptr64
I1216 23:00:27.558887  6820 instance.cc:401] MasterModelConfig.processors_count is automatically set to 12
I1216 23:00:27.558887  6820 perplexity.cc:26] Perplexity score calculator created: model_type=1, dictionary_name=dictionary
I1216 23:00:27.558887  6820 instance.cc:232] Regularizer 'SparsePhi' was cold-reconfigured
I1216 23:00:28.172359 19124 c_interface.cc:386] Pass FitOfflineMasterModelArgs, batch_filename_size=5, batch_weight_size=5, num_collection_passes=1 to void (__cdecl artm::core::MasterComponent::*)(class artm::FitOfflineMasterModelArgs const & __ptr64) __ptr64
I1216 23:00:28.172359 19124 master_component.cc:1340] ProcessBatchesArgs: nwt_target_name=nwt, batch_filename_size=5, batch_size=0, batch_weight_size=5, pwt_source_name=pwt, num_document_passes=1, regularizer=(name:SparsePhi, tau:-2), class=(text:1), reuse_theta=yes, opt_for_avx=yes, predict_class_id=
I1216 23:00:28.208338 10168 processor.cc:724] Processing queue has data, processing started
I1216 23:00:28.208338 10952 processor.cc:724] Processing queue has data, processing started
I1216 23:00:28.210336 16128 processor.cc:724] Processing queue has data, processing started
I1216 23:00:28.210336 10096 processor.cc:724] Processing queue has data, processing started
I1216 23:00:28.210336  5384 processor.cc:724] Processing queue has data, processing started
I1216 23:00:28.211336 10168 processor.cc:802] Processor: start processing batch 83d87f1b-45d8-489b-ad59-ef8e94ac4d53 into model nwt
I1216 23:00:28.211336 10952 processor.cc:802] Processor: start processing batch 3ba13dee-a94b-4453-a2b7-026e8ecb9da5 into model nwt
I1216 23:00:28.213335 16128 processor.cc:802] Processor: start processing batch 445fe471-fc19-429f-ab58-721c4647224c into model nwt
I1216 23:00:28.213335  5384 processor.cc:802] Processor: start processing batch 416f75d1-5d32-4424-b92e-a06e70ff8f8b into model nwt
I1216 23:00:28.213335 10096 processor.cc:802] Processor: start processing batch e3cdd9c7-49ed-465e-bb07-1f755bd8be9d into model nwt
I1216 23:00:28.253311  5384 processor.cc:898] Processor: complete processing batch 416f75d1-5d32-4424-b92e-a06e70ff8f8b into model nwt
I1216 23:00:28.254310  5384 cuckoo_watch.h:45] 44ms in ProcessBatch(school_batches\aaaaae.batch) [including 2ms in LoadMessage; 1ms in InitializeSparseNdw; 10ms in InferThetaAndUpdateNwtSparse; 14ms in CalculateScore(PerplexityScore); 2ms in CalculateScore(SparsityThetaScore); 11ms in CalculateScore(^^^ItemsProcessedScore^^^); ]
I1216 23:00:28.258308 10096 processor.cc:898] Processor: complete processing batch e3cdd9c7-49ed-465e-bb07-1f755bd8be9d into model nwt
I1216 23:00:28.259308 10096 cuckoo_watch.h:45] 49ms in ProcessBatch(school_batches\aaaaad.batch) [including 2ms in LoadMessage; 1ms in InitializeSparseNdw; 10ms in InferThetaAndUpdateNwtSparse; 19ms in CalculateScore(PerplexityScore); 3ms in CalculateScore(SparsityThetaScore); 10ms in CalculateScore(^^^ItemsProcessedScore^^^); ]
I1216 23:00:28.262305 16128 processor.cc:898] Processor: complete processing batch 445fe471-fc19-429f-ab58-721c4647224c into model nwt
I1216 23:00:28.262305 10168 processor.cc:898] Processor: complete processing batch 83d87f1b-45d8-489b-ad59-ef8e94ac4d53 into model nwt
I1216 23:00:28.262305 16128 cuckoo_watch.h:45] 52ms in ProcessBatch(school_batches\aaaaac.batch) [including 2ms in LoadMessage; 1ms in InitializeSparseNdw; 15ms in InferThetaAndUpdateNwtSparse; 16ms in CalculateScore(PerplexityScore); 4ms in CalculateScore(SparsityThetaScore); 10ms in CalculateScore(^^^ItemsProcessedScore^^^); ]
I1216 23:00:28.263305 10168 cuckoo_watch.h:45] 55ms in ProcessBatch(school_batches\aaaaab.batch) [including 2ms in LoadMessage; 1ms in InitializeSparseNdw; 14ms in InferThetaAndUpdateNwtSparse; 17ms in CalculateScore(PerplexityScore); 3ms in CalculateScore(SparsityThetaScore); 14ms in CalculateScore(^^^ItemsProcessedScore^^^); ]
I1216 23:00:28.264305 10952 processor.cc:898] Processor: complete processing batch 3ba13dee-a94b-4453-a2b7-026e8ecb9da5 into model nwt
I1216 23:00:28.265303 10952 cuckoo_watch.h:45] 57ms in ProcessBatch(school_batches\aaaaaa.batch) [including 2ms in LoadMessage; 1ms in InitializeSparseNdw; 14ms in InferThetaAndUpdateNwtSparse; 20ms in CalculateScore(PerplexityScore); 5ms in CalculateScore(SparsityThetaScore); 11ms in CalculateScore(^^^ItemsProcessedScore^^^); ]
I1216 23:00:28.266305 19124 master_component.cc:1378] RegularizeModelArgs: rwt_target_name=rwt, pwt_source_name=pwt, nwt_source_name=nwt
I1216 23:00:28.266305 19124 master_component.cc:922] MasterComponent: start regularizing model pwt
I1216 23:00:28.298285  5384 processor.cc:717] No data in processing queue, waiting...
I1216 23:00:28.302281 10096 processor.cc:717] No data in processing queue, waiting...
I1216 23:00:28.304280 16128 processor.cc:717] No data in processing queue, waiting...
I1216 23:00:28.304280 10952 processor.cc:717] No data in processing queue, waiting...
I1216 23:00:28.304280 10168 processor.cc:717] No data in processing queue, waiting...
I1216 23:00:28.322270 19124 master_component.cc:948] MasterComponent: complete regularizing model pwt
I1216 23:00:28.322270 19124 master_component.cc:1391] NormalizeModelArgs: pwt_target_name=pwt, nwt_source_name=nwt, rwt_source_name=rwt
I1216 23:00:28.322270 19124 master_component.cc:952] MasterComponent: start normalizing model nwt
I1216 23:00:28.355250 19124 master_component.cc:980] MasterComponent: complete normalizing model nwt
I1216 23:00:28.370241 19124 master_component.cc:1415] DisposeModel rwt
I1216 23:00:28.375238 19124 master_component.cc:1005] FitOffline: ItemsProcessed, num_items=476, num_batches=5, token_weight=160411, token_weight_in_effect=160411
I1216 23:00:28.375238  6820 c_interface.cc:559] Pass GetScoreValueArgs, score_name=^^^ItemsProcessedScore^^^ to MasterComponent::Request
I1216 23:00:28.375238  6820 c_interface.cc:230] ArtmCopyRequestedMessage is copying 46 bytes...
I1216 23:00:28.376238 19124 c_interface.cc:386] Pass FitOfflineMasterModelArgs, batch_filename_size=5, batch_weight_size=5, num_collection_passes=1 to void (__cdecl artm::core::MasterComponent::*)(class artm::FitOfflineMasterModelArgs const & __ptr64) __ptr64
I1216 23:00:28.376238 19124 master_component.cc:1340] ProcessBatchesArgs: nwt_target_name=nwt, batch_filename_size=5, batch_size=0, batch_weight_size=5, pwt_source_name=pwt, num_document_passes=1, regularizer=(name:SparsePhi, tau:-2), class=(text:1), reuse_theta=yes, opt_for_avx=yes, predict_class_id=
I1216 23:00:28.401222  6564 processor.cc:724] Processing queue has data, processing started
I1216 23:00:28.401222 15864 processor.cc:724] Processing queue has data, processing started
I1216 23:00:28.401222 10952 processor.cc:724] Processing queue has data, processing started
I1216 23:00:28.401222 12636 processor.cc:724] Processing queue has data, processing started
I1216 23:00:28.404222  5232 processor.cc:724] Processing queue has data, processing started
I1216 23:00:28.404222 12636 processor.cc:802] Processor: start processing batch e3cdd9c7-49ed-465e-bb07-1f755bd8be9d into model nwt
I1216 23:00:28.404222 15864 processor.cc:802] Processor: start processing batch 3ba13dee-a94b-4453-a2b7-026e8ecb9da5 into model nwt
I1216 23:00:28.404222  6564 processor.cc:802] Processor: start processing batch 83d87f1b-45d8-489b-ad59-ef8e94ac4d53 into model nwt
I1216 23:00:28.404222 10952 processor.cc:802] Processor: start processing batch 445fe471-fc19-429f-ab58-721c4647224c into model nwt
I1216 23:00:28.406220  5232 processor.cc:802] Processor: start processing batch 416f75d1-5d32-4424-b92e-a06e70ff8f8b into model nwt
I1216 23:00:28.444198 15864 processor.cc:898] Processor: complete processing batch 3ba13dee-a94b-4453-a2b7-026e8ecb9da5 into model nwt
I1216 23:00:28.445197 15864 cuckoo_watch.h:45] 44ms in ProcessBatch(school_batches\aaaaaa.batch) [including 2ms in LoadMessage; 1ms in InitializeSparseNdw; 9ms in InferThetaAndUpdateNwtSparse; 13ms in CalculateScore(PerplexityScore); 2ms in CalculateScore(SparsityThetaScore); 12ms in CalculateScore(^^^ItemsProcessedScore^^^); ]
I1216 23:00:28.445197  5232 processor.cc:898] Processor: complete processing batch 416f75d1-5d32-4424-b92e-a06e70ff8f8b into model nwt
I1216 23:00:28.446197  5232 cuckoo_watch.h:45] 42ms in ProcessBatch(school_batches\aaaaae.batch) [including 2ms in LoadMessage; 1ms in InitializeSparseNdw; 10ms in InferThetaAndUpdateNwtSparse; 13ms in CalculateScore(PerplexityScore); 2ms in CalculateScore(SparsityThetaScore); 11ms in CalculateScore(^^^ItemsProcessedScore^^^); ]
I1216 23:00:28.448196  6564 processor.cc:898] Processor: complete processing batch 83d87f1b-45d8-489b-ad59-ef8e94ac4d53 into model nwt
I1216 23:00:28.448196 12636 processor.cc:898] Processor: complete processing batch e3cdd9c7-49ed-465e-bb07-1f755bd8be9d into model nwt
I1216 23:00:28.448196  6564 cuckoo_watch.h:45] 47ms in ProcessBatch(school_batches\aaaaab.batch) [including 2ms in LoadMessage; 1ms in InitializeSparseNdw; 10ms in InferThetaAndUpdateNwtSparse; 15ms in CalculateScore(PerplexityScore); 4ms in CalculateScore(SparsityThetaScore); 12ms in CalculateScore(^^^ItemsProcessedScore^^^); ]
I1216 23:00:28.449196 12636 cuckoo_watch.h:45] 47ms in ProcessBatch(school_batches\aaaaad.batch) [including 2ms in LoadMessage; 1ms in InitializeSparseNdw; 12ms in InferThetaAndUpdateNwtSparse; 14ms in CalculateScore(PerplexityScore); 3ms in CalculateScore(SparsityThetaScore); 12ms in CalculateScore(^^^ItemsProcessedScore^^^); ]
I1216 23:00:28.451195 10952 processor.cc:898] Processor: complete processing batch 445fe471-fc19-429f-ab58-721c4647224c into model nwt
I1216 23:00:28.452194 10952 cuckoo_watch.h:45] 51ms in ProcessBatch(school_batches\aaaaac.batch) [including 2ms in LoadMessage; 1ms in InitializeSparseNdw; 12ms in InferThetaAndUpdateNwtSparse; 17ms in CalculateScore(PerplexityScore); 4ms in CalculateScore(SparsityThetaScore); 11ms in CalculateScore(^^^ItemsProcessedScore^^^); ]
I1216 23:00:28.454193 19124 master_component.cc:1378] RegularizeModelArgs: rwt_target_name=rwt, pwt_source_name=pwt, nwt_source_name=nwt
I1216 23:00:28.454193 19124 master_component.cc:922] MasterComponent: start regularizing model pwt
I1216 23:00:28.489171 15864 processor.cc:717] No data in processing queue, waiting...
I1216 23:00:28.489171  5232 processor.cc:717] No data in processing queue, waiting...
I1216 23:00:28.494168 12636 processor.cc:717] No data in processing queue, waiting...
I1216 23:00:28.494168  6564 processor.cc:717] No data in processing queue, waiting...
I1216 23:00:28.496166 10952 processor.cc:717] No data in processing queue, waiting...
I1216 23:00:28.513156 19124 master_component.cc:948] MasterComponent: complete regularizing model pwt
I1216 23:00:28.513156 19124 master_component.cc:1391] NormalizeModelArgs: pwt_target_name=pwt, nwt_source_name=nwt, rwt_source_name=rwt
I1216 23:00:28.513156 19124 master_component.cc:952] MasterComponent: start normalizing model nwt
I1216 23:00:28.544138 19124 master_component.cc:980] MasterComponent: complete normalizing model nwt
I1216 23:00:28.558130 19124 master_component.cc:1415] DisposeModel rwt
I1216 23:00:28.562127 19124 master_component.cc:1005] FitOffline: ItemsProcessed, num_items=476, num_batches=5, token_weight=160411, token_weight_in_effect=160411
I1216 23:00:28.562127  6820 c_interface.cc:559] Pass GetScoreValueArgs, score_name=^^^ItemsProcessedScore^^^ to MasterComponent::Request
I1216 23:00:28.562127  6820 c_interface.cc:230] ArtmCopyRequestedMessage is copying 46 bytes...
I1216 23:00:28.563127 19124 c_interface.cc:386] Pass FitOfflineMasterModelArgs, batch_filename_size=5, batch_weight_size=5, num_collection_passes=1 to void (__cdecl artm::core::MasterComponent::*)(class artm::FitOfflineMasterModelArgs const & __ptr64) __ptr64
I1216 23:00:28.563127 19124 master_component.cc:1340] ProcessBatchesArgs: nwt_target_name=nwt, batch_filename_size=5, batch_size=0, batch_weight_size=5, pwt_source_name=pwt, num_document_passes=1, regularizer=(name:SparsePhi, tau:-2), class=(text:1), reuse_theta=yes, opt_for_avx=yes, predict_class_id=
I1216 23:00:28.589124 10096 processor.cc:724] Processing queue has data, processing started
I1216 23:00:28.589124 10168 processor.cc:724] Processing queue has data, processing started
I1216 23:00:28.589124 16128 processor.cc:724] Processing queue has data, processing started
I1216 23:00:28.589124  6564 processor.cc:724] Processing queue has data, processing started
I1216 23:00:28.589124  9888 processor.cc:724] Processing queue has data, processing started
I1216 23:00:28.592110 10096 processor.cc:802] Processor: start processing batch 3ba13dee-a94b-4453-a2b7-026e8ecb9da5 into model nwt
I1216 23:00:28.592110 10168 processor.cc:802] Processor: start processing batch e3cdd9c7-49ed-465e-bb07-1f755bd8be9d into model nwt
I1216 23:00:28.592110 16128 processor.cc:802] Processor: start processing batch 445fe471-fc19-429f-ab58-721c4647224c into model nwt
I1216 23:00:28.593111  9888 processor.cc:802] Processor: start processing batch 416f75d1-5d32-4424-b92e-a06e70ff8f8b into model nwt
I1216 23:00:28.593111  6564 processor.cc:802] Processor: start processing batch 83d87f1b-45d8-489b-ad59-ef8e94ac4d53 into model nwt
I1216 23:00:28.634086 10096 processor.cc:898] Processor: complete processing batch 3ba13dee-a94b-4453-a2b7-026e8ecb9da5 into model nwt
I1216 23:00:28.634086 10096 cuckoo_watch.h:45] 45ms in ProcessBatch(school_batches\aaaaaa.batch) [including 2ms in LoadMessage; 1ms in InitializeSparseNdw; 10ms in InferThetaAndUpdateNwtSparse; 17ms in CalculateScore(PerplexityScore); 2ms in CalculateScore(SparsityThetaScore); 10ms in CalculateScore(^^^ItemsProcessedScore^^^); ]
I1216 23:00:28.636085  6564 processor.cc:898] Processor: complete processing batch 83d87f1b-45d8-489b-ad59-ef8e94ac4d53 into model nwt
I1216 23:00:28.636085  9888 processor.cc:898] Processor: complete processing batch 416f75d1-5d32-4424-b92e-a06e70ff8f8b into model nwt
I1216 23:00:28.636085 10168 processor.cc:898] Processor: complete processing batch e3cdd9c7-49ed-465e-bb07-1f755bd8be9d into model nwt
I1216 23:00:28.636085 16128 processor.cc:898] Processor: complete processing batch 445fe471-fc19-429f-ab58-721c4647224c into model nwt
I1216 23:00:28.637084  9888 cuckoo_watch.h:45] 48ms in ProcessBatch(school_batches\aaaaae.batch) [including 3ms in LoadMessage; 1ms in InitializeSparseNdw; 10ms in InferThetaAndUpdateNwtSparse; 16ms in CalculateScore(PerplexityScore); 2ms in CalculateScore(SparsityThetaScore); 11ms in CalculateScore(^^^ItemsProcessedScore^^^); ]
I1216 23:00:28.637084  6564 cuckoo_watch.h:45] 48ms in ProcessBatch(school_batches\aaaaab.batch) [including 4ms in LoadMessage; 2ms in InitializeSparseNdw; 10ms in InferThetaAndUpdateNwtSparse; 13ms in CalculateScore(PerplexityScore); 2ms in CalculateScore(SparsityThetaScore); 13ms in CalculateScore(^^^ItemsProcessedScore^^^); ]
I1216 23:00:28.638084 10168 cuckoo_watch.h:45] 48ms in ProcessBatch(school_batches\aaaaad.batch) [including 3ms in LoadMessage; 1ms in InitializeSparseNdw; 10ms in InferThetaAndUpdateNwtSparse; 15ms in CalculateScore(PerplexityScore); 2ms in CalculateScore(SparsityThetaScore); 13ms in CalculateScore(^^^ItemsProcessedScore^^^); ]
I1216 23:00:28.638084 16128 cuckoo_watch.h:45] 49ms in ProcessBatch(school_batches\aaaaac.batch) [including 3ms in LoadMessage; 1ms in InitializeSparseNdw; 10ms in InferThetaAndUpdateNwtSparse; 16ms in CalculateScore(PerplexityScore); 2ms in CalculateScore(SparsityThetaScore); 12ms in CalculateScore(^^^ItemsProcessedScore^^^); ]
I1216 23:00:28.643080 19124 master_component.cc:1378] RegularizeModelArgs: rwt_target_name=rwt, pwt_source_name=pwt, nwt_source_name=nwt
I1216 23:00:28.643080 19124 master_component.cc:922] MasterComponent: start regularizing model pwt
I1216 23:00:28.679059  6564 processor.cc:717] No data in processing queue, waiting...
I1216 23:00:28.679059  9888 processor.cc:717] No data in processing queue, waiting...
I1216 23:00:28.679059 10096 processor.cc:717] No data in processing queue, waiting...
I1216 23:00:28.681056 10168 processor.cc:717] No data in processing queue, waiting...
I1216 23:00:28.681056 16128 processor.cc:717] No data in processing queue, waiting...
I1216 23:00:28.701045 19124 master_component.cc:948] MasterComponent: complete regularizing model pwt
I1216 23:00:28.701045 19124 master_component.cc:1391] NormalizeModelArgs: pwt_target_name=pwt, nwt_source_name=nwt, rwt_source_name=rwt
I1216 23:00:28.701045 19124 master_component.cc:952] MasterComponent: start normalizing model nwt
I1216 23:00:28.732026 19124 master_component.cc:980] MasterComponent: complete normalizing model nwt
I1216 23:00:28.746017 19124 master_component.cc:1415] DisposeModel rwt
I1216 23:00:28.750016 19124 master_component.cc:1005] FitOffline: ItemsProcessed, num_items=476, num_batches=5, token_weight=160411, token_weight_in_effect=160411
I1216 23:00:28.750016  6820 c_interface.cc:559] Pass GetScoreValueArgs, score_name=^^^ItemsProcessedScore^^^ to MasterComponent::Request
I1216 23:00:28.750016  6820 c_interface.cc:230] ArtmCopyRequestedMessage is copying 46 bytes...
I1216 23:00:28.750936 19124 c_interface.cc:386] Pass FitOfflineMasterModelArgs, batch_filename_size=5, batch_weight_size=5, num_collection_passes=1 to void (__cdecl artm::core::MasterComponent::*)(class artm::FitOfflineMasterModelArgs const & __ptr64) __ptr64
I1216 23:00:28.750936 19124 master_component.cc:1340] ProcessBatchesArgs: nwt_target_name=nwt, batch_filename_size=5, batch_size=0, batch_weight_size=5, pwt_source_name=pwt, num_document_passes=1, regularizer=(name:SparsePhi, tau:-2), class=(text:1), reuse_theta=yes, opt_for_avx=yes, predict_class_id=
I1216 23:00:28.776924  9888 processor.cc:724] Processing queue has data, processing started
I1216 23:00:28.776924  6564 processor.cc:724] Processing queue has data, processing started
I1216 23:00:28.776924 12912 processor.cc:724] Processing queue has data, processing started
I1216 23:00:28.776924 12636 processor.cc:724] Processing queue has data, processing started
I1216 23:00:28.778923  5232 processor.cc:724] Processing queue has data, processing started
I1216 23:00:28.779922 12912 processor.cc:802] Processor: start processing batch 83d87f1b-45d8-489b-ad59-ef8e94ac4d53 into model nwt
I1216 23:00:28.779922  9888 processor.cc:802] Processor: start processing batch e3cdd9c7-49ed-465e-bb07-1f755bd8be9d into model nwt
I1216 23:00:28.779922  6564 processor.cc:802] Processor: start processing batch 3ba13dee-a94b-4453-a2b7-026e8ecb9da5 into model nwt
I1216 23:00:28.779922 12636 processor.cc:802] Processor: start processing batch 445fe471-fc19-429f-ab58-721c4647224c into model nwt
I1216 23:00:28.782922  5232 processor.cc:802] Processor: start processing batch 416f75d1-5d32-4424-b92e-a06e70ff8f8b into model nwt
I1216 23:00:28.824895  6564 processor.cc:898] Processor: complete processing batch 3ba13dee-a94b-4453-a2b7-026e8ecb9da5 into model nwt
I1216 23:00:28.825896  6564 cuckoo_watch.h:45] 49ms in ProcessBatch(school_batches\aaaaaa.batch) [including 2ms in LoadMessage; 1ms in InitializeSparseNdw; 11ms in InferThetaAndUpdateNwtSparse; 16ms in CalculateScore(PerplexityScore); 3ms in CalculateScore(SparsityThetaScore); 13ms in CalculateScore(^^^ItemsProcessedScore^^^); ]
I1216 23:00:28.826894  9888 processor.cc:898] Processor: complete processing batch e3cdd9c7-49ed-465e-bb07-1f755bd8be9d into model nwt
I1216 23:00:28.826894 12636 processor.cc:898] Processor: complete processing batch 445fe471-fc19-429f-ab58-721c4647224c into model nwt
I1216 23:00:28.827893  9888 cuckoo_watch.h:45] 51ms in ProcessBatch(school_batches\aaaaad.batch) [including 2ms in LoadMessage; 1ms in InitializeSparseNdw; 10ms in InferThetaAndUpdateNwtSparse; 15ms in CalculateScore(PerplexityScore); 4ms in CalculateScore(SparsityThetaScore); 14ms in CalculateScore(^^^ItemsProcessedScore^^^); ]
I1216 23:00:28.827893 12636 cuckoo_watch.h:45] 51ms in ProcessBatch(school_batches\aaaaac.batch) [including 2ms in LoadMessage; 1ms in InitializeSparseNdw; 14ms in InferThetaAndUpdateNwtSparse; 13ms in CalculateScore(PerplexityScore); 2ms in CalculateScore(SparsityThetaScore); 13ms in CalculateScore(^^^ItemsProcessedScore^^^); ]
I1216 23:00:28.829892 12912 processor.cc:898] Processor: complete processing batch 83d87f1b-45d8-489b-ad59-ef8e94ac4d53 into model nwt
I1216 23:00:28.830893  5232 processor.cc:898] Processor: complete processing batch 416f75d1-5d32-4424-b92e-a06e70ff8f8b into model nwt
I1216 23:00:28.830893 12912 cuckoo_watch.h:45] 54ms in ProcessBatch(school_batches\aaaaab.batch) [including 2ms in LoadMessage; 1ms in InitializeSparseNdw; 10ms in InferThetaAndUpdateNwtSparse; 16ms in CalculateScore(PerplexityScore); 4ms in CalculateScore(SparsityThetaScore); 17ms in CalculateScore(^^^ItemsProcessedScore^^^); ]
I1216 23:00:28.831892  5232 cuckoo_watch.h:45] 53ms in ProcessBatch(school_batches\aaaaae.batch) [including 3ms in LoadMessage; 1ms in InitializeSparseNdw; 12ms in InferThetaAndUpdateNwtSparse; 16ms in CalculateScore(PerplexityScore); 3ms in CalculateScore(SparsityThetaScore); 13ms in CalculateScore(^^^ItemsProcessedScore^^^); ]
I1216 23:00:28.832892 19124 master_component.cc:1378] RegularizeModelArgs: rwt_target_name=rwt, pwt_source_name=pwt, nwt_source_name=nwt
I1216 23:00:28.832892 19124 master_component.cc:922] MasterComponent: start regularizing model pwt
I1216 23:00:28.870867  6564 processor.cc:717] No data in processing queue, waiting...
I1216 23:00:28.871867  9888 processor.cc:717] No data in processing queue, waiting...
I1216 23:00:28.871867 12636 processor.cc:717] No data in processing queue, waiting...
I1216 23:00:28.877863 12912 processor.cc:717] No data in processing queue, waiting...
I1216 23:00:28.878863  5232 processor.cc:717] No data in processing queue, waiting...
I1216 23:00:28.885859 19124 master_component.cc:948] MasterComponent: complete regularizing model pwt
I1216 23:00:28.885859 19124 master_component.cc:1391] NormalizeModelArgs: pwt_target_name=pwt, nwt_source_name=nwt, rwt_source_name=rwt
I1216 23:00:28.885859 19124 master_component.cc:952] MasterComponent: start normalizing model nwt
I1216 23:00:28.915841 19124 master_component.cc:980] MasterComponent: complete normalizing model nwt
I1216 23:00:28.929833 19124 master_component.cc:1415] DisposeModel rwt
I1216 23:00:28.933830 19124 master_component.cc:1005] FitOffline: ItemsProcessed, num_items=476, num_batches=5, token_weight=160411, token_weight_in_effect=160411
I1216 23:00:28.934830  6820 c_interface.cc:559] Pass GetScoreValueArgs, score_name=^^^ItemsProcessedScore^^^ to MasterComponent::Request
I1216 23:00:28.934830  6820 c_interface.cc:230] ArtmCopyRequestedMessage is copying 46 bytes...
I1216 23:00:28.934830 19124 c_interface.cc:386] Pass FitOfflineMasterModelArgs, batch_filename_size=5, batch_weight_size=5, num_collection_passes=1 to void (__cdecl artm::core::MasterComponent::*)(class artm::FitOfflineMasterModelArgs const & __ptr64) __ptr64
I1216 23:00:28.934830 19124 master_component.cc:1340] ProcessBatchesArgs: nwt_target_name=nwt, batch_filename_size=5, batch_size=0, batch_weight_size=5, pwt_source_name=pwt, num_document_passes=1, regularizer=(name:SparsePhi, tau:-2), class=(text:1), reuse_theta=yes, opt_for_avx=yes, predict_class_id=
I1216 23:00:28.961814  5232 processor.cc:724] Processing queue has data, processing started
I1216 23:00:28.961814 14116 processor.cc:724] Processing queue has data, processing started
I1216 23:00:28.961814  9888 processor.cc:724] Processing queue has data, processing started
I1216 23:00:28.961814 12912 processor.cc:724] Processing queue has data, processing started
I1216 23:00:28.961814  5384 processor.cc:724] Processing queue has data, processing started
I1216 23:00:28.964812  5232 processor.cc:802] Processor: start processing batch 3ba13dee-a94b-4453-a2b7-026e8ecb9da5 into model nwt
I1216 23:00:28.964812 14116 processor.cc:802] Processor: start processing batch 83d87f1b-45d8-489b-ad59-ef8e94ac4d53 into model nwt
I1216 23:00:28.964812 12912 processor.cc:802] Processor: start processing batch 416f75d1-5d32-4424-b92e-a06e70ff8f8b into model nwt
I1216 23:00:28.964812  9888 processor.cc:802] Processor: start processing batch 445fe471-fc19-429f-ab58-721c4647224c into model nwt
I1216 23:00:28.964812  5384 processor.cc:802] Processor: start processing batch e3cdd9c7-49ed-465e-bb07-1f755bd8be9d into model nwt
I1216 23:00:29.003790 12912 processor.cc:898] Processor: complete processing batch 416f75d1-5d32-4424-b92e-a06e70ff8f8b into model nwt
I1216 23:00:29.003790 12912 cuckoo_watch.h:45] 42ms in ProcessBatch(school_batches\aaaaae.batch) [including 2ms in LoadMessage; 1ms in InitializeSparseNdw; 9ms in InferThetaAndUpdateNwtSparse; 15ms in CalculateScore(PerplexityScore); 3ms in CalculateScore(SparsityThetaScore); 8ms in CalculateScore(^^^ItemsProcessedScore^^^); ]
I1216 23:00:29.006788  9888 processor.cc:898] Processor: complete processing batch 445fe471-fc19-429f-ab58-721c4647224c into model nwt
I1216 23:00:29.007788  9888 cuckoo_watch.h:45] 46ms in ProcessBatch(school_batches\aaaaac.batch) [including 2ms in LoadMessage; 1ms in InitializeSparseNdw; 10ms in InferThetaAndUpdateNwtSparse; 15ms in CalculateScore(PerplexityScore); 3ms in CalculateScore(SparsityThetaScore); 11ms in CalculateScore(^^^ItemsProcessedScore^^^); ]
I1216 23:00:29.007788  5232 processor.cc:898] Processor: complete processing batch 3ba13dee-a94b-4453-a2b7-026e8ecb9da5 into model nwt
I1216 23:00:29.008787  5232 cuckoo_watch.h:45] 46ms in ProcessBatch(school_batches\aaaaaa.batch) [including 2ms in LoadMessage; 1ms in InitializeSparseNdw; 9ms in InferThetaAndUpdateNwtSparse; 15ms in CalculateScore(PerplexityScore); 3ms in CalculateScore(SparsityThetaScore); 13ms in CalculateScore(^^^ItemsProcessedScore^^^); ]
I1216 23:00:29.008787  5384 processor.cc:898] Processor: complete processing batch e3cdd9c7-49ed-465e-bb07-1f755bd8be9d into model nwt
I1216 23:00:29.009788  5384 cuckoo_watch.h:45] 48ms in ProcessBatch(school_batches\aaaaad.batch) [including 2ms in LoadMessage; 1ms in InitializeSparseNdw; 10ms in InferThetaAndUpdateNwtSparse; 15ms in CalculateScore(PerplexityScore); 3ms in CalculateScore(SparsityThetaScore); 13ms in CalculateScore(^^^ItemsProcessedScore^^^); ]
I1216 23:00:29.010785 14116 processor.cc:898] Processor: complete processing batch 83d87f1b-45d8-489b-ad59-ef8e94ac4d53 into model nwt
I1216 23:00:29.011785 14116 cuckoo_watch.h:45] 50ms in ProcessBatch(school_batches\aaaaab.batch) [including 2ms in LoadMessage; 1ms in InitializeSparseNdw; 10ms in InferThetaAndUpdateNwtSparse; 16ms in CalculateScore(PerplexityScore); 3ms in CalculateScore(SparsityThetaScore); 14ms in CalculateScore(^^^ItemsProcessedScore^^^); ]
I1216 23:00:29.012802 19124 master_component.cc:1378] RegularizeModelArgs: rwt_target_name=rwt, pwt_source_name=pwt, nwt_source_name=nwt
I1216 23:00:29.012802 19124 master_component.cc:922] MasterComponent: start regularizing model pwt
I1216 23:00:29.055758 12912 processor.cc:717] No data in processing queue, waiting...
I1216 23:00:29.059756  5232 processor.cc:717] No data in processing queue, waiting...
I1216 23:00:29.059756  9888 processor.cc:717] No data in processing queue, waiting...
I1216 23:00:29.060755  5384 processor.cc:717] No data in processing queue, waiting...
I1216 23:00:29.060755 14116 processor.cc:717] No data in processing queue, waiting...
I1216 23:00:29.065752 19124 master_component.cc:948] MasterComponent: complete regularizing model pwt
I1216 23:00:29.065752 19124 master_component.cc:1391] NormalizeModelArgs: pwt_target_name=pwt, nwt_source_name=nwt, rwt_source_name=rwt
I1216 23:00:29.065752 19124 master_component.cc:952] MasterComponent: start normalizing model nwt
I1216 23:00:29.095736 19124 master_component.cc:980] MasterComponent: complete normalizing model nwt
I1216 23:00:29.109727 19124 master_component.cc:1415] DisposeModel rwt
I1216 23:00:29.113724 19124 master_component.cc:1005] FitOffline: ItemsProcessed, num_items=476, num_batches=5, token_weight=160411, token_weight_in_effect=160411
I1216 23:00:29.113724  6820 c_interface.cc:559] Pass GetScoreValueArgs, score_name=^^^ItemsProcessedScore^^^ to MasterComponent::Request
I1216 23:00:29.113724  6820 c_interface.cc:230] ArtmCopyRequestedMessage is copying 46 bytes...
I1216 23:00:29.114723 19124 c_interface.cc:386] Pass FitOfflineMasterModelArgs, batch_filename_size=5, batch_weight_size=5, num_collection_passes=1 to void (__cdecl artm::core::MasterComponent::*)(class artm::FitOfflineMasterModelArgs const & __ptr64) __ptr64
I1216 23:00:29.114723 19124 master_component.cc:1340] ProcessBatchesArgs: nwt_target_name=nwt, batch_filename_size=5, batch_size=0, batch_weight_size=5, pwt_source_name=pwt, num_document_passes=1, regularizer=(name:SparsePhi, tau:-2), class=(text:1), reuse_theta=yes, opt_for_avx=yes, predict_class_id=
I1216 23:00:29.141158 14116 processor.cc:724] Processing queue has data, processing started
I1216 23:00:29.141158  6564 processor.cc:724] Processing queue has data, processing started
I1216 23:00:29.141158 10096 processor.cc:724] Processing queue has data, processing started
I1216 23:00:29.141158 15864 processor.cc:724] Processing queue has data, processing started
I1216 23:00:29.141158 12912 processor.cc:724] Processing queue has data, processing started
I1216 23:00:29.144160 10096 processor.cc:802] Processor: start processing batch 3ba13dee-a94b-4453-a2b7-026e8ecb9da5 into model nwt
I1216 23:00:29.144160 15864 processor.cc:802] Processor: start processing batch 416f75d1-5d32-4424-b92e-a06e70ff8f8b into model nwt
I1216 23:00:29.144160  6564 processor.cc:802] Processor: start processing batch 83d87f1b-45d8-489b-ad59-ef8e94ac4d53 into model nwt
I1216 23:00:29.144160 12912 processor.cc:802] Processor: start processing batch e3cdd9c7-49ed-465e-bb07-1f755bd8be9d into model nwt
I1216 23:00:29.144160 14116 processor.cc:802] Processor: start processing batch 445fe471-fc19-429f-ab58-721c4647224c into model nwt
I1216 23:00:29.185135 12912 processor.cc:898] Processor: complete processing batch e3cdd9c7-49ed-465e-bb07-1f755bd8be9d into model nwt
I1216 23:00:29.186134 12912 cuckoo_watch.h:45] 45ms in ProcessBatch(school_batches\aaaaad.batch) [including 2ms in LoadMessage; 1ms in InitializeSparseNdw; 10ms in InferThetaAndUpdateNwtSparse; 13ms in CalculateScore(PerplexityScore); 2ms in CalculateScore(SparsityThetaScore); 13ms in CalculateScore(^^^ItemsProcessedScore^^^); ]
I1216 23:00:29.188133  6564 processor.cc:898] Processor: complete processing batch 83d87f1b-45d8-489b-ad59-ef8e94ac4d53 into model nwt
I1216 23:00:29.189132  6564 cuckoo_watch.h:45] 48ms in ProcessBatch(school_batches\aaaaab.batch) [including 2ms in LoadMessage; 1ms in InitializeSparseNdw; 10ms in InferThetaAndUpdateNwtSparse; 17ms in CalculateScore(PerplexityScore); 3ms in CalculateScore(SparsityThetaScore); 12ms in CalculateScore(^^^ItemsProcessedScore^^^); ]
I1216 23:00:29.190133 15864 processor.cc:898] Processor: complete processing batch 416f75d1-5d32-4424-b92e-a06e70ff8f8b into model nwt
I1216 23:00:29.191133 15864 cuckoo_watch.h:45] 50ms in ProcessBatch(school_batches\aaaaae.batch) [including 2ms in LoadMessage; 1ms in InitializeSparseNdw; 13ms in InferThetaAndUpdateNwtSparse; 14ms in CalculateScore(PerplexityScore); 3ms in CalculateScore(SparsityThetaScore); 14ms in CalculateScore(^^^ItemsProcessedScore^^^); ]
I1216 23:00:29.191133 10096 processor.cc:898] Processor: complete processing batch 3ba13dee-a94b-4453-a2b7-026e8ecb9da5 into model nwt
I1216 23:00:29.192132 10096 cuckoo_watch.h:45] 51ms in ProcessBatch(school_batches\aaaaaa.batch) [including 2ms in LoadMessage; 1ms in InitializeSparseNdw; 10ms in InferThetaAndUpdateNwtSparse; 17ms in CalculateScore(PerplexityScore); 4ms in CalculateScore(SparsityThetaScore); 14ms in CalculateScore(^^^ItemsProcessedScore^^^); ]
I1216 23:00:29.195128 14116 processor.cc:898] Processor: complete processing batch 445fe471-fc19-429f-ab58-721c4647224c into model nwt
I1216 23:00:29.195128 14116 cuckoo_watch.h:45] 54ms in ProcessBatch(school_batches\aaaaac.batch) [including 2ms in LoadMessage; 1ms in InitializeSparseNdw; 14ms in InferThetaAndUpdateNwtSparse; 17ms in CalculateScore(PerplexityScore); 5ms in CalculateScore(SparsityThetaScore); 12ms in CalculateScore(^^^ItemsProcessedScore^^^); ]
I1216 23:00:29.196141 19124 master_component.cc:1378] RegularizeModelArgs: rwt_target_name=rwt, pwt_source_name=pwt, nwt_source_name=nwt
I1216 23:00:29.196141 19124 master_component.cc:922] MasterComponent: start regularizing model pwt
I1216 23:00:29.227110 12912 processor.cc:717] No data in processing queue, waiting...
I1216 23:00:29.229110  6564 processor.cc:717] No data in processing queue, waiting...
I1216 23:00:29.235105 15864 processor.cc:717] No data in processing queue, waiting...
I1216 23:00:29.237104 10096 processor.cc:717] No data in processing queue, waiting...
I1216 23:00:29.239104 14116 processor.cc:717] No data in processing queue, waiting...
I1216 23:00:29.250097 19124 master_component.cc:948] MasterComponent: complete regularizing model pwt
I1216 23:00:29.250097 19124 master_component.cc:1391] NormalizeModelArgs: pwt_target_name=pwt, nwt_source_name=nwt, rwt_source_name=rwt
I1216 23:00:29.250097 19124 master_component.cc:952] MasterComponent: start normalizing model nwt
I1216 23:00:29.281078 19124 master_component.cc:980] MasterComponent: complete normalizing model nwt
I1216 23:00:29.295069 19124 master_component.cc:1415] DisposeModel rwt
I1216 23:00:29.299069 19124 master_component.cc:1005] FitOffline: ItemsProcessed, num_items=476, num_batches=5, token_weight=160411, token_weight_in_effect=160411
I1216 23:00:29.300066  6820 c_interface.cc:559] Pass GetScoreValueArgs, score_name=^^^ItemsProcessedScore^^^ to MasterComponent::Request
I1216 23:00:29.300066  6820 c_interface.cc:230] ArtmCopyRequestedMessage is copying 46 bytes...
I1216 23:00:29.300066 19124 c_interface.cc:386] Pass FitOfflineMasterModelArgs, batch_filename_size=5, batch_weight_size=5, num_collection_passes=1 to void (__cdecl artm::core::MasterComponent::*)(class artm::FitOfflineMasterModelArgs const & __ptr64) __ptr64
I1216 23:00:29.300066 19124 master_component.cc:1340] ProcessBatchesArgs: nwt_target_name=nwt, batch_filename_size=5, batch_size=0, batch_weight_size=5, pwt_source_name=pwt, num_document_passes=1, regularizer=(name:SparsePhi, tau:-2), class=(text:1), reuse_theta=yes, opt_for_avx=yes, predict_class_id=
I1216 23:00:29.328049 10952 processor.cc:724] Processing queue has data, processing started
I1216 23:00:29.328049  5384 processor.cc:724] Processing queue has data, processing started
I1216 23:00:29.328049 12912 processor.cc:724] Processing queue has data, processing started
I1216 23:00:29.328049  6564 processor.cc:724] Processing queue has data, processing started
I1216 23:00:29.330049  5232 processor.cc:724] Processing queue has data, processing started
I1216 23:00:29.331048 12912 processor.cc:802] Processor: start processing batch e3cdd9c7-49ed-465e-bb07-1f755bd8be9d into model nwt
I1216 23:00:29.331048  5384 processor.cc:802] Processor: start processing batch 83d87f1b-45d8-489b-ad59-ef8e94ac4d53 into model nwt
I1216 23:00:29.331048  6564 processor.cc:802] Processor: start processing batch 3ba13dee-a94b-4453-a2b7-026e8ecb9da5 into model nwt
I1216 23:00:29.331048 10952 processor.cc:802] Processor: start processing batch 445fe471-fc19-429f-ab58-721c4647224c into model nwt
I1216 23:00:29.333047  5232 processor.cc:802] Processor: start processing batch 416f75d1-5d32-4424-b92e-a06e70ff8f8b into model nwt
I1216 23:00:29.370026  5232 processor.cc:898] Processor: complete processing batch 416f75d1-5d32-4424-b92e-a06e70ff8f8b into model nwt
I1216 23:00:29.370026  5232 cuckoo_watch.h:45] 40ms in ProcessBatch(school_batches\aaaaae.batch) [including 2ms in LoadMessage; 1ms in InitializeSparseNdw; 9ms in InferThetaAndUpdateNwtSparse; 12ms in CalculateScore(PerplexityScore); 3ms in CalculateScore(SparsityThetaScore); 10ms in CalculateScore(^^^ItemsProcessedScore^^^); ]
I1216 23:00:29.373025  6564 processor.cc:898] Processor: complete processing batch 3ba13dee-a94b-4453-a2b7-026e8ecb9da5 into model nwt
I1216 23:00:29.374023  5384 processor.cc:898] Processor: complete processing batch 83d87f1b-45d8-489b-ad59-ef8e94ac4d53 into model nwt
I1216 23:00:29.374023  6564 cuckoo_watch.h:45] 46ms in ProcessBatch(school_batches\aaaaaa.batch) [including 2ms in LoadMessage; 1ms in InitializeSparseNdw; 9ms in InferThetaAndUpdateNwtSparse; 15ms in CalculateScore(PerplexityScore); 3ms in CalculateScore(SparsityThetaScore); 11ms in CalculateScore(^^^ItemsProcessedScore^^^); ]
I1216 23:00:29.375022  5384 cuckoo_watch.h:45] 47ms in ProcessBatch(school_batches\aaaaab.batch) [including 2ms in LoadMessage; 1ms in InitializeSparseNdw; 10ms in InferThetaAndUpdateNwtSparse; 14ms in CalculateScore(PerplexityScore); 3ms in CalculateScore(SparsityThetaScore); 13ms in CalculateScore(^^^ItemsProcessedScore^^^); ]
I1216 23:00:29.376021 10952 processor.cc:898] Processor: complete processing batch 445fe471-fc19-429f-ab58-721c4647224c into model nwt
I1216 23:00:29.377022 10952 cuckoo_watch.h:45] 49ms in ProcessBatch(school_batches\aaaaac.batch) [including 2ms in LoadMessage; 1ms in InitializeSparseNdw; 10ms in InferThetaAndUpdateNwtSparse; 17ms in CalculateScore(PerplexityScore); 4ms in CalculateScore(SparsityThetaScore); 11ms in CalculateScore(^^^ItemsProcessedScore^^^); ]
I1216 23:00:29.378021 12912 processor.cc:898] Processor: complete processing batch e3cdd9c7-49ed-465e-bb07-1f755bd8be9d into model nwt
I1216 23:00:29.379019 12912 cuckoo_watch.h:45] 50ms in ProcessBatch(school_batches\aaaaad.batch) [including 2ms in LoadMessage; 1ms in InitializeSparseNdw; 10ms in InferThetaAndUpdateNwtSparse; 20ms in CalculateScore(PerplexityScore); 4ms in CalculateScore(SparsityThetaScore); 10ms in CalculateScore(^^^ItemsProcessedScore^^^); ]
I1216 23:00:29.379019 19124 master_component.cc:1378] RegularizeModelArgs: rwt_target_name=rwt, pwt_source_name=pwt, nwt_source_name=nwt
I1216 23:00:29.379019 19124 master_component.cc:922] MasterComponent: start regularizing model pwt
I1216 23:00:29.412000  5232 processor.cc:717] No data in processing queue, waiting...
I1216 23:00:29.417996  6564 processor.cc:717] No data in processing queue, waiting...
I1216 23:00:29.417996  5384 processor.cc:717] No data in processing queue, waiting...
I1216 23:00:29.418996 10952 processor.cc:717] No data in processing queue, waiting...
I1216 23:00:29.421993 12912 processor.cc:717] No data in processing queue, waiting...
I1216 23:00:29.430989 19124 master_component.cc:948] MasterComponent: complete regularizing model pwt
I1216 23:00:29.430989 19124 master_component.cc:1391] NormalizeModelArgs: pwt_target_name=pwt, nwt_source_name=nwt, rwt_source_name=rwt
I1216 23:00:29.430989 19124 master_component.cc:952] MasterComponent: start normalizing model nwt
I1216 23:00:29.461969 19124 master_component.cc:980] MasterComponent: complete normalizing model nwt
I1216 23:00:29.474964 19124 master_component.cc:1415] DisposeModel rwt
I1216 23:00:29.478961 19124 master_component.cc:1005] FitOffline: ItemsProcessed, num_items=476, num_batches=5, token_weight=160411, token_weight_in_effect=160411
I1216 23:00:29.478961  6820 c_interface.cc:559] Pass GetScoreValueArgs, score_name=^^^ItemsProcessedScore^^^ to MasterComponent::Request
I1216 23:00:29.478961  6820 c_interface.cc:230] ArtmCopyRequestedMessage is copying 46 bytes...
I1216 23:00:29.479961 19124 c_interface.cc:386] Pass FitOfflineMasterModelArgs, batch_filename_size=5, batch_weight_size=5, num_collection_passes=1 to void (__cdecl artm::core::MasterComponent::*)(class artm::FitOfflineMasterModelArgs const & __ptr64) __ptr64
I1216 23:00:29.479961 19124 master_component.cc:1340] ProcessBatchesArgs: nwt_target_name=nwt, batch_filename_size=5, batch_size=0, batch_weight_size=5, pwt_source_name=pwt, num_document_passes=1, regularizer=(name:SparsePhi, tau:-2), class=(text:1), reuse_theta=yes, opt_for_avx=yes, predict_class_id=
I1216 23:00:29.506945  5384 processor.cc:724] Processing queue has data, processing started
I1216 23:00:29.506945 12636 processor.cc:724] Processing queue has data, processing started
I1216 23:00:29.506945 12912 processor.cc:724] Processing queue has data, processing started
I1216 23:00:29.506945 10952 processor.cc:724] Processing queue has data, processing started
I1216 23:00:29.506945  6564 processor.cc:724] Processing queue has data, processing started
I1216 23:00:29.509943  5384 processor.cc:802] Processor: start processing batch 83d87f1b-45d8-489b-ad59-ef8e94ac4d53 into model nwt
I1216 23:00:29.509943 10952 processor.cc:802] Processor: start processing batch 3ba13dee-a94b-4453-a2b7-026e8ecb9da5 into model nwt
I1216 23:00:29.509943 12636 processor.cc:802] Processor: start processing batch 445fe471-fc19-429f-ab58-721c4647224c into model nwt
I1216 23:00:29.509943  6564 processor.cc:802] Processor: start processing batch 416f75d1-5d32-4424-b92e-a06e70ff8f8b into model nwt
I1216 23:00:29.509943 12912 processor.cc:802] Processor: start processing batch e3cdd9c7-49ed-465e-bb07-1f755bd8be9d into model nwt
I1216 23:00:29.546921  6564 processor.cc:898] Processor: complete processing batch 416f75d1-5d32-4424-b92e-a06e70ff8f8b into model nwt
I1216 23:00:29.547919  6564 cuckoo_watch.h:45] 41ms in ProcessBatch(school_batches\aaaaae.batch) [including 2ms in LoadMessage; 1ms in InitializeSparseNdw; 9ms in InferThetaAndUpdateNwtSparse; 12ms in CalculateScore(PerplexityScore); 4ms in CalculateScore(SparsityThetaScore); 9ms in CalculateScore(^^^ItemsProcessedScore^^^); ]
I1216 23:00:29.551916 10952 processor.cc:898] Processor: complete processing batch 3ba13dee-a94b-4453-a2b7-026e8ecb9da5 into model nwt
I1216 23:00:29.552917 10952 cuckoo_watch.h:45] 46ms in ProcessBatch(school_batches\aaaaaa.batch) [including 2ms in LoadMessage; 1ms in InitializeSparseNdw; 10ms in InferThetaAndUpdateNwtSparse; 13ms in CalculateScore(PerplexityScore); 3ms in CalculateScore(SparsityThetaScore); 13ms in CalculateScore(^^^ItemsProcessedScore^^^); ]
I1216 23:00:29.554916 12636 processor.cc:898] Processor: complete processing batch 445fe471-fc19-429f-ab58-721c4647224c into model nwt
I1216 23:00:29.555915 12636 cuckoo_watch.h:45] 49ms in ProcessBatch(school_batches\aaaaac.batch) [including 2ms in LoadMessage; 1ms in InitializeSparseNdw; 10ms in InferThetaAndUpdateNwtSparse; 15ms in CalculateScore(PerplexityScore); 5ms in CalculateScore(SparsityThetaScore); 12ms in CalculateScore(^^^ItemsProcessedScore^^^); ]
I1216 23:00:29.560912 12912 processor.cc:898] Processor: complete processing batch e3cdd9c7-49ed-465e-bb07-1f755bd8be9d into model nwt
I1216 23:00:29.560912 12912 cuckoo_watch.h:45] 54ms in ProcessBatch(school_batches\aaaaad.batch) [including 2ms in LoadMessage; 1ms in InitializeSparseNdw; 15ms in InferThetaAndUpdateNwtSparse; 21ms in CalculateScore(PerplexityScore); 3ms in CalculateScore(SparsityThetaScore); 9ms in CalculateScore(^^^ItemsProcessedScore^^^); ]
I1216 23:00:29.561911  5384 processor.cc:898] Processor: complete processing batch 83d87f1b-45d8-489b-ad59-ef8e94ac4d53 into model nwt
I1216 23:00:29.562911  5384 cuckoo_watch.h:45] 56ms in ProcessBatch(school_batches\aaaaab.batch) [including 2ms in LoadMessage; 1ms in InitializeSparseNdw; 14ms in InferThetaAndUpdateNwtSparse; 21ms in CalculateScore(PerplexityScore); 3ms in CalculateScore(SparsityThetaScore); 11ms in CalculateScore(^^^ItemsProcessedScore^^^); ]
I1216 23:00:29.564913 19124 master_component.cc:1378] RegularizeModelArgs: rwt_target_name=rwt, pwt_source_name=pwt, nwt_source_name=nwt
I1216 23:00:29.564913 19124 master_component.cc:922] MasterComponent: start regularizing model pwt
I1216 23:00:29.601888  6564 processor.cc:717] No data in processing queue, waiting...
I1216 23:00:29.603888 10952 processor.cc:717] No data in processing queue, waiting...
I1216 23:00:29.607884 12636 processor.cc:717] No data in processing queue, waiting...
I1216 23:00:29.609884 12912 processor.cc:717] No data in processing queue, waiting...
I1216 23:00:29.612881  5384 processor.cc:717] No data in processing queue, waiting...
I1216 23:00:29.619876 19124 master_component.cc:948] MasterComponent: complete regularizing model pwt
I1216 23:00:29.619876 19124 master_component.cc:1391] NormalizeModelArgs: pwt_target_name=pwt, nwt_source_name=nwt, rwt_source_name=rwt
I1216 23:00:29.619876 19124 master_component.cc:952] MasterComponent: start normalizing model nwt
I1216 23:00:29.650857 19124 master_component.cc:980] MasterComponent: complete normalizing model nwt
I1216 23:00:29.664851 19124 master_component.cc:1415] DisposeModel rwt
I1216 23:00:29.668848 19124 master_component.cc:1005] FitOffline: ItemsProcessed, num_items=476, num_batches=5, token_weight=160411, token_weight_in_effect=160411
I1216 23:00:29.669847  6820 c_interface.cc:559] Pass GetScoreValueArgs, score_name=^^^ItemsProcessedScore^^^ to MasterComponent::Request
I1216 23:00:29.669847  6820 c_interface.cc:230] ArtmCopyRequestedMessage is copying 46 bytes...
I1216 23:00:29.669847 19124 c_interface.cc:386] Pass FitOfflineMasterModelArgs, batch_filename_size=5, batch_weight_size=5, num_collection_passes=1 to void (__cdecl artm::core::MasterComponent::*)(class artm::FitOfflineMasterModelArgs const & __ptr64) __ptr64
